Archive member included to satisfy reference by file (symbol)

c:/st/stm32cubeide_1.4.0/stm32cubeide/plugins/com.st.stm32cube.ide.mcu.externaltools.gnu-tools-for-stm32.7-2018-q2-update.win32_1.4.0.202007081208/tools/bin/../lib/gcc/arm-none-eabi/7.3.1/../../../../arm-none-eabi/lib/thumb/v7-m\libc_nano.a(lib_a-errno.o)
                              Core/Src/syscalls.o (__errno)
c:/st/stm32cubeide_1.4.0/stm32cubeide/plugins/com.st.stm32cube.ide.mcu.externaltools.gnu-tools-for-stm32.7-2018-q2-update.win32_1.4.0.202007081208/tools/bin/../lib/gcc/arm-none-eabi/7.3.1/../../../../arm-none-eabi/lib/thumb/v7-m\libc_nano.a(lib_a-exit.o)
                              c:/st/stm32cubeide_1.4.0/stm32cubeide/plugins/com.st.stm32cube.ide.mcu.externaltools.gnu-tools-for-stm32.7-2018-q2-update.win32_1.4.0.202007081208/tools/bin/../lib/gcc/arm-none-eabi/7.3.1/../../../../arm-none-eabi/lib/thumb/v7-m/crt0.o (exit)
c:/st/stm32cubeide_1.4.0/stm32cubeide/plugins/com.st.stm32cube.ide.mcu.externaltools.gnu-tools-for-stm32.7-2018-q2-update.win32_1.4.0.202007081208/tools/bin/../lib/gcc/arm-none-eabi/7.3.1/../../../../arm-none-eabi/lib/thumb/v7-m\libc_nano.a(lib_a-impure.o)
                              c:/st/stm32cubeide_1.4.0/stm32cubeide/plugins/com.st.stm32cube.ide.mcu.externaltools.gnu-tools-for-stm32.7-2018-q2-update.win32_1.4.0.202007081208/tools/bin/../lib/gcc/arm-none-eabi/7.3.1/../../../../arm-none-eabi/lib/thumb/v7-m\libc_nano.a(lib_a-exit.o) (_global_impure_ptr)
c:/st/stm32cubeide_1.4.0/stm32cubeide/plugins/com.st.stm32cube.ide.mcu.externaltools.gnu-tools-for-stm32.7-2018-q2-update.win32_1.4.0.202007081208/tools/bin/../lib/gcc/arm-none-eabi/7.3.1/../../../../arm-none-eabi/lib/thumb/v7-m\libc_nano.a(lib_a-init.o)
                              c:/st/stm32cubeide_1.4.0/stm32cubeide/plugins/com.st.stm32cube.ide.mcu.externaltools.gnu-tools-for-stm32.7-2018-q2-update.win32_1.4.0.202007081208/tools/bin/../lib/gcc/arm-none-eabi/7.3.1/../../../../arm-none-eabi/lib/thumb/v7-m/crt0.o (__libc_init_array)
c:/st/stm32cubeide_1.4.0/stm32cubeide/plugins/com.st.stm32cube.ide.mcu.externaltools.gnu-tools-for-stm32.7-2018-q2-update.win32_1.4.0.202007081208/tools/bin/../lib/gcc/arm-none-eabi/7.3.1/../../../../arm-none-eabi/lib/thumb/v7-m\libc_nano.a(lib_a-malloc.o)
                              USB_DEVICE/Target/usbd_midi_conf.o (free)
c:/st/stm32cubeide_1.4.0/stm32cubeide/plugins/com.st.stm32cube.ide.mcu.externaltools.gnu-tools-for-stm32.7-2018-q2-update.win32_1.4.0.202007081208/tools/bin/../lib/gcc/arm-none-eabi/7.3.1/../../../../arm-none-eabi/lib/thumb/v7-m\libc_nano.a(lib_a-memcpy-stub.o)
                              Middlewares/FreeRTOS/queue.o (memcpy)
c:/st/stm32cubeide_1.4.0/stm32cubeide/plugins/com.st.stm32cube.ide.mcu.externaltools.gnu-tools-for-stm32.7-2018-q2-update.win32_1.4.0.202007081208/tools/bin/../lib/gcc/arm-none-eabi/7.3.1/../../../../arm-none-eabi/lib/thumb/v7-m\libc_nano.a(lib_a-memset.o)
                              c:/st/stm32cubeide_1.4.0/stm32cubeide/plugins/com.st.stm32cube.ide.mcu.externaltools.gnu-tools-for-stm32.7-2018-q2-update.win32_1.4.0.202007081208/tools/bin/../lib/gcc/arm-none-eabi/7.3.1/../../../../arm-none-eabi/lib/thumb/v7-m/crt0.o (memset)
c:/st/stm32cubeide_1.4.0/stm32cubeide/plugins/com.st.stm32cube.ide.mcu.externaltools.gnu-tools-for-stm32.7-2018-q2-update.win32_1.4.0.202007081208/tools/bin/../lib/gcc/arm-none-eabi/7.3.1/../../../../arm-none-eabi/lib/thumb/v7-m\libc_nano.a(lib_a-nano-freer.o)
                              c:/st/stm32cubeide_1.4.0/stm32cubeide/plugins/com.st.stm32cube.ide.mcu.externaltools.gnu-tools-for-stm32.7-2018-q2-update.win32_1.4.0.202007081208/tools/bin/../lib/gcc/arm-none-eabi/7.3.1/../../../../arm-none-eabi/lib/thumb/v7-m\libc_nano.a(lib_a-malloc.o) (_free_r)
c:/st/stm32cubeide_1.4.0/stm32cubeide/plugins/com.st.stm32cube.ide.mcu.externaltools.gnu-tools-for-stm32.7-2018-q2-update.win32_1.4.0.202007081208/tools/bin/../lib/gcc/arm-none-eabi/7.3.1/../../../../arm-none-eabi/lib/thumb/v7-m\libc_nano.a(lib_a-nano-mallocr.o)
                              c:/st/stm32cubeide_1.4.0/stm32cubeide/plugins/com.st.stm32cube.ide.mcu.externaltools.gnu-tools-for-stm32.7-2018-q2-update.win32_1.4.0.202007081208/tools/bin/../lib/gcc/arm-none-eabi/7.3.1/../../../../arm-none-eabi/lib/thumb/v7-m\libc_nano.a(lib_a-malloc.o) (_malloc_r)
c:/st/stm32cubeide_1.4.0/stm32cubeide/plugins/com.st.stm32cube.ide.mcu.externaltools.gnu-tools-for-stm32.7-2018-q2-update.win32_1.4.0.202007081208/tools/bin/../lib/gcc/arm-none-eabi/7.3.1/../../../../arm-none-eabi/lib/thumb/v7-m\libc_nano.a(lib_a-sbrkr.o)
                              c:/st/stm32cubeide_1.4.0/stm32cubeide/plugins/com.st.stm32cube.ide.mcu.externaltools.gnu-tools-for-stm32.7-2018-q2-update.win32_1.4.0.202007081208/tools/bin/../lib/gcc/arm-none-eabi/7.3.1/../../../../arm-none-eabi/lib/thumb/v7-m\libc_nano.a(lib_a-nano-mallocr.o) (_sbrk_r)
[...]
Memory Configuration

Name             Origin             Length             Attributes
RAM              0x0000000020000000 0x000000000000c000 xrw
FLASH            0x0000000008000000 0x0000000000040000 xr
*default*        0x0000000000000000 0xffffffffffffffff

Linker script and memory map

LOAD c:/st/stm32cubeide_1.4.0/stm32cubeide/plugins/com.st.stm32cube.ide.mcu.externaltools.gnu-tools-for-stm32.7-2018-q2-update.win32_1.4.0.202007081208/tools/bin/../lib/gcc/arm-none-eabi/7.3.1/thumb/v7-m/crti.o
LOAD c:/st/stm32cubeide_1.4.0/stm32cubeide/plugins/com.st.stm32cube.ide.mcu.externaltools.gnu-tools-for-stm32.7-2018-q2-update.win32_1.4.0.202007081208/tools/bin/../lib/gcc/arm-none-eabi/7.3.1/thumb/v7-m/crtbegin.o
LOAD c:/st/stm32cubeide_1.4.0/stm32cubeide/plugins/com.st.stm32cube.ide.mcu.externaltools.gnu-tools-for-stm32.7-2018-q2-update.win32_1.4.0.202007081208/tools/bin/../lib/gcc/arm-none-eabi/7.3.1/../../../../arm-none-eabi/lib/thumb/v7-m/crt0.o
LOAD Core/Src/LEDHandler.o
LOAD Core/Src/TCA9555.o
LOAD Core/Src/atstkChannel.o
LOAD Core/Src/atstkChannels.o
LOAD Core/Src/freertos.o
LOAD Core/Src/main.o
LOAD Core/Src/stm32f1xx_hal_msp.o
LOAD Core/Src/stm32f1xx_hal_timebase_tim.o
LOAD Core/Src/stm32f1xx_it.o
LOAD Core/Src/syscalls.o
LOAD Core/Src/sysmem.o
LOAD Core/Src/system_stm32f1xx.o
LOAD Core/Src/uart_cdc_if.o
LOAD Core/Src/utils.o
LOAD Core/Startup/startup_stm32f103rctx.o
LOAD Drivers/STM32F1xx_HAL_Driver/stm32f1xx_hal.o
LOAD Drivers/STM32F1xx_HAL_Driver/stm32f1xx_hal_adc.o
LOAD Drivers/STM32F1xx_HAL_Driver/stm32f1xx_hal_adc_ex.o
LOAD Drivers/STM32F1xx_HAL_Driver/stm32f1xx_hal_cortex.o
LOAD Drivers/STM32F1xx_HAL_Driver/stm32f1xx_hal_dma.o
LOAD Drivers/STM32F1xx_HAL_Driver/stm32f1xx_hal_exti.o
LOAD Drivers/STM32F1xx_HAL_Driver/stm32f1xx_hal_flash.o
LOAD Drivers/STM32F1xx_HAL_Driver/stm32f1xx_hal_flash_ex.o
LOAD Drivers/STM32F1xx_HAL_Driver/stm32f1xx_hal_gpio.o
LOAD Drivers/STM32F1xx_HAL_Driver/stm32f1xx_hal_gpio_ex.o
LOAD Drivers/STM32F1xx_HAL_Driver/stm32f1xx_hal_i2c.o
LOAD Drivers/STM32F1xx_HAL_Driver/stm32f1xx_hal_pcd.o
LOAD Drivers/STM32F1xx_HAL_Driver/stm32f1xx_hal_pcd_ex.o
LOAD Drivers/STM32F1xx_HAL_Driver/stm32f1xx_hal_pwr.o
LOAD Drivers/STM32F1xx_HAL_Driver/stm32f1xx_hal_rcc.o
LOAD Drivers/STM32F1xx_HAL_Driver/stm32f1xx_hal_rcc_ex.o
LOAD Drivers/STM32F1xx_HAL_Driver/stm32f1xx_hal_tim.o
LOAD Drivers/STM32F1xx_HAL_Driver/stm32f1xx_hal_tim_ex.o
LOAD Drivers/STM32F1xx_HAL_Driver/stm32f1xx_hal_uart.o
LOAD Drivers/STM32F1xx_HAL_Driver/stm32f1xx_ll_usb.o
LOAD Middlewares/FreeRTOS/cmsis_os.o
LOAD Middlewares/FreeRTOS/croutine.o
LOAD Middlewares/FreeRTOS/event_groups.o
LOAD Middlewares/FreeRTOS/heap_4.o
LOAD Middlewares/FreeRTOS/list.o
LOAD Middlewares/FreeRTOS/port.o
LOAD Middlewares/FreeRTOS/queue.o
LOAD Middlewares/FreeRTOS/stream_buffer.o
LOAD Middlewares/FreeRTOS/tasks.o
LOAD Middlewares/FreeRTOS/timers.o
LOAD Middlewares/LibMIDI/Source/midiEventQueue.o
LOAD Middlewares/LibMIDI/Source/midiInput.o
LOAD Middlewares/LibMIDI/Source/midiOutput.o
LOAD Middlewares/LibMIDI/Source/midiUSB.o
LOAD Middlewares/LibOS/Source/sysHelpers.o
LOAD Middlewares/LibOS/Source/sysTimer.o
LOAD Middlewares/USB_Device_Library/usbd_cdc.o
LOAD Middlewares/USB_Device_Library/usbd_core.o
LOAD Middlewares/USB_Device_Library/usbd_ctlreq.o
LOAD Middlewares/USB_Device_Library/usbd_ioreq.o
LOAD USB_DEVICE/App/usb_device.o
LOAD USB_DEVICE/App/usbd_cdc_if.o
LOAD USB_DEVICE/App/usbd_midi.o
LOAD USB_DEVICE/App/usbd_midi_desc.o
LOAD USB_DEVICE/Target/usbd_midi_conf.o
START GROUP
LOAD c:/st/stm32cubeide_1.4.0/stm32cubeide/plugins/com.st.stm32cube.ide.mcu.externaltools.gnu-tools-for-stm32.7-2018-q2-update.win32_1.4.0.202007081208/tools/bin/../lib/gcc/arm-none-eabi/7.3.1/../../../../arm-none-eabi/lib/thumb/v7-m\libstdc++_nano.a
LOAD c:/st/stm32cubeide_1.4.0/stm32cubeide/plugins/com.st.stm32cube.ide.mcu.externaltools.gnu-tools-for-stm32.7-2018-q2-update.win32_1.4.0.202007081208/tools/bin/../lib/gcc/arm-none-eabi/7.3.1/../../../../arm-none-eabi/lib/thumb/v7-m\libsupc++_nano.a
END GROUP
LOAD c:/st/stm32cubeide_1.4.0/stm32cubeide/plugins/com.st.stm32cube.ide.mcu.externaltools.gnu-tools-for-stm32.7-2018-q2-update.win32_1.4.0.202007081208/tools/bin/../lib/gcc/arm-none-eabi/7.3.1/../../../../arm-none-eabi/lib/thumb/v7-m\libstdc++_nano.a
LOAD c:/st/stm32cubeide_1.4.0/stm32cubeide/plugins/com.st.stm32cube.ide.mcu.externaltools.gnu-tools-for-stm32.7-2018-q2-update.win32_1.4.0.202007081208/tools/bin/../lib/gcc/arm-none-eabi/7.3.1/../../../../arm-none-eabi/lib/thumb/v7-m\libm.a
LOAD c:/st/stm32cubeide_1.4.0/stm32cubeide/plugins/com.st.stm32cube.ide.mcu.externaltools.gnu-tools-for-stm32.7-2018-q2-update.win32_1.4.0.202007081208/tools/bin/../lib/gcc/arm-none-eabi/7.3.1/../../../../arm-none-eabi/lib/thumb/v7-m\libc_nano.a
START GROUP
LOAD c:/st/stm32cubeide_1.4.0/stm32cubeide/plugins/com.st.stm32cube.ide.mcu.externaltools.gnu-tools-for-stm32.7-2018-q2-update.win32_1.4.0.202007081208/tools/bin/../lib/gcc/arm-none-eabi/7.3.1/thumb/v7-m\libgcc.a
LOAD c:/st/stm32cubeide_1.4.0/stm32cubeide/plugins/com.st.stm32cube.ide.mcu.externaltools.gnu-tools-for-stm32.7-2018-q2-update.win32_1.4.0.202007081208/tools/bin/../lib/gcc/arm-none-eabi/7.3.1/../../../../arm-none-eabi/lib/thumb/v7-m\libc_nano.a
END GROUP
START GROUP
LOAD c:/st/stm32cubeide_1.4.0/stm32cubeide/plugins/com.st.stm32cube.ide.mcu.externaltools.gnu-tools-for-stm32.7-2018-q2-update.win32_1.4.0.202007081208/tools/bin/../lib/gcc/arm-none-eabi/7.3.1/thumb/v7-m\libgcc.a
LOAD c:/st/stm32cubeide_1.4.0/stm32cubeide/plugins/com.st.stm32cube.ide.mcu.externaltools.gnu-tools-for-stm32.7-2018-q2-update.win32_1.4.0.202007081208/tools/bin/../lib/gcc/arm-none-eabi/7.3.1/../../../../arm-none-eabi/lib/thumb/v7-m\libc_nano.a
END GROUP
LOAD c:/st/stm32cubeide_1.4.0/stm32cubeide/plugins/com.st.stm32cube.ide.mcu.externaltools.gnu-tools-for-stm32.7-2018-q2-update.win32_1.4.0.202007081208/tools/bin/../lib/gcc/arm-none-eabi/7.3.1/thumb/v7-m/crtend.o
LOAD c:/st/stm32cubeide_1.4.0/stm32cubeide/plugins/com.st.stm32cube.ide.mcu.externaltools.gnu-tools-for-stm32.7-2018-q2-update.win32_1.4.0.202007081208/tools/bin/../lib/gcc/arm-none-eabi/7.3.1/thumb/v7-m/crtn.o
                0x000000002000c000                _estack = (ORIGIN (RAM) + LENGTH (RAM))
                0x0000000000000200                _Min_Heap_Size = 0x200
                0x0000000000000400                _Min_Stack_Size = 0x400

.isr_vector     0x0000000008000000      0x1e4
                0x0000000008000000                . = ALIGN (0x4)
 *(.isr_vector)
 .isr_vector    0x0000000008000000      0x1e4 Core/Startup/startup_stm32f103rctx.o
                0x0000000008000000                g_pfnVectors
                0x00000000080001e4                . = ALIGN (0x4)

.text           0x00000000080001f0     0xa7c4
                0x00000000080001f0                . = ALIGN (0x4)
 *(.text)
 .text          0x00000000080001f0       0x40 c:/st/stm32cubeide_1.4.0/stm32cubeide/plugins/com.st.stm32cube.ide.mcu.externaltools.gnu-tools-for-stm32.7-2018-q2-update.win32_1.4.0.202007081208/tools/bin/../lib/gcc/arm-none-eabi/7.3.1/thumb/v7-m/crtbegin.o
 *(.text*)
 .text._ZN10LEDHandler4initEP20__UART_HandleTypeDefP7TCA9555
                0x0000000008000230       0x22 Core/Src/LEDHandler.o
                0x0000000008000230                LEDHandler::init(__UART_HandleTypeDef*, TCA9555*)
 *fill*         0x0000000008000252        0x2 
 .text._ZN10LEDHandler3setERK18USBMIDIEventPacket
                0x0000000008000254       0xb0 Core/Src/LEDHandler.o
                0x0000000008000254                LEDHandler::set(USBMIDIEventPacket const&)
 .text._ZN7TCA95554initEP19__I2C_HandleTypeDefth
                0x0000000008000304      0x114 Core/Src/TCA9555.o
                0x0000000008000304                TCA9555::init(__I2C_HandleTypeDef*, unsigned short, unsigned char)
 .text._ZN7TCA955510set_outputEhi
                0x0000000008000418       0xd8 Core/Src/TCA9555.o
                0x0000000008000418                TCA9555::set_output(unsigned char, int)
 .text._ZN12atstkChannel10set_configEP12GPIO_TypeDefhP17TIM_HandleTypeDefh
                0x00000000080004f0       0x66 Core/Src/atstkChannel.o
                0x00000000080004f0                atstkChannel::set_config(GPIO_TypeDef*, unsigned char, TIM_HandleTypeDef*, unsigned char)
 .text._ZN12atstkChannel3setEh
                0x0000000008000556       0x34 Core/Src/atstkChannel.o
                0x0000000008000556                atstkChannel::set(unsigned char)
 .text._ZN12atstkChannel4initEv
                0x000000000800058a       0x1e Core/Src/atstkChannel.o
                0x000000000800058a                atstkChannel::init()
 .text._ZN12atstkChannel4loopEv
                0x00000000080005a8       0x3a Core/Src/atstkChannel.o
                0x00000000080005a8                atstkChannel::loop()
 .text._ZN12atstkChannel8setMotorEh
                0x00000000080005e2       0x88 Core/Src/atstkChannel.o
                0x00000000080005e2                atstkChannel::setMotor(unsigned char)
 .text._ZN12atstkChannel4idleEv
                0x000000000800066a       0x2e Core/Src/atstkChannel.o
                0x000000000800066a                atstkChannel::idle()
 .text._ZN12atstkChannel4downEv
                0x0000000008000698       0x44 Core/Src/atstkChannel.o
                0x0000000008000698                atstkChannel::down()
 .text._ZN12atstkChannel2upEv
                0x00000000080006dc       0x5e Core/Src/atstkChannel.o
                0x00000000080006dc                atstkChannel::up()
 .text._ZN13atstkChannels11set_configsEP13channelConfigPP19__ADC_HandleTypeDefP19__I2C_HandleTypeDef
                0x000000000800073a       0xb2 Core/Src/atstkChannels.o
                0x000000000800073a                atstkChannels::set_configs(channelConfig*, __ADC_HandleTypeDef**, __I2C_HandleTypeDef*)
 .text._ZN13atstkChannels4loopEv
                0x00000000080007ec       0x30 Core/Src/atstkChannels.o
                0x00000000080007ec                atstkChannels::loop()
 .text._ZN13atstkChannels3setERK18USBMIDIEventPacket
                0x000000000800081c       0x50 Core/Src/atstkChannels.o
                0x000000000800081c                atstkChannels::set(USBMIDIEventPacket const&)
 .text.vApplicationGetIdleTaskMemory
                0x000000000800086c       0x30 Core/Src/freertos.o
                0x000000000800086c                vApplicationGetIdleTaskMemory
 .text._ZN12atstkChannelC2Ev
                0x000000000800089c       0x14 Core/Src/main.o
                0x000000000800089c                atstkChannel::atstkChannel()
                0x000000000800089c                atstkChannel::atstkChannel()
 .text._ZN13atstkChannelsC2Ev
                0x00000000080008b0       0x48 Core/Src/main.o
                0x00000000080008b0                atstkChannels::atstkChannels()
                0x00000000080008b0                atstkChannels::atstkChannels()
 .text.HAL_UART_RxCpltCallback
                0x00000000080008f8       0x4c Core/Src/main.o
                0x00000000080008f8                HAL_UART_RxCpltCallback
 .text._Z10MidiThreadPKv
                0x0000000008000944       0x70 Core/Src/main.o
                0x0000000008000944                MidiThread(void const*)
 .text.main     0x00000000080009b4       0xdc Core/Src/main.o
                0x00000000080009b4                main
 .text._Z18SystemClock_Configv
                0x0000000008000a90       0xde Core/Src/main.o
                0x0000000008000a90                SystemClock_Config()
 *fill*         0x0000000008000b6e        0x2 
 .text._ZL12MX_ADC1_Initv
                0x0000000008000b70       0x90 Core/Src/main.o
 .text._ZL12MX_ADC2_Initv
                0x0000000008000c00       0x90 Core/Src/main.o
 .text._ZL12MX_ADC3_Initv
                0x0000000008000c90       0x90 Core/Src/main.o
 .text._ZL12MX_I2C1_Initv
                0x0000000008000d20       0x68 Core/Src/main.o
 .text._ZL12MX_TIM2_Initv
                0x0000000008000d88      0x17c Core/Src/main.o
 .text._ZL12MX_TIM3_Initv
                0x0000000008000f04      0x17c Core/Src/main.o
 .text._ZL12MX_TIM5_Initv
                0x0000000008001080      0x130 Core/Src/main.o
 .text._ZL13MX_UART5_Initv
                0x00000000080011b0       0x5c Core/Src/main.o
 .text._ZL19MX_USART1_UART_Initv
                0x000000000800120c       0x5c Core/Src/main.o
 .text._ZL11MX_DMA_Initv
                0x0000000008001268       0x4c Core/Src/main.o
 .text._ZL12MX_GPIO_Initv
                0x00000000080012b4      0x138 Core/Src/main.o
 .text.HAL_TIM_PeriodElapsedCallback
                0x00000000080013ec       0x24 Core/Src/main.o
                0x00000000080013ec                HAL_TIM_PeriodElapsedCallback
 .text.Error_Handler
                0x0000000008001410        0xc Core/Src/main.o
                0x0000000008001410                Error_Handler
 .text._Z41__static_initialization_and_destruction_0ii
                0x000000000800141c       0x2c Core/Src/main.o
 .text._GLOBAL__sub_I_hadc1
                0x0000000008001448       0x10 Core/Src/main.o
 .text.HAL_MspInit
                0x0000000008001458       0x70 Core/Src/stm32f1xx_hal_msp.o
                0x0000000008001458                HAL_MspInit
 .text.HAL_ADC_MspInit
                0x00000000080014c8      0x154 Core/Src/stm32f1xx_hal_msp.o
                0x00000000080014c8                HAL_ADC_MspInit
 .text.HAL_I2C_MspInit
                0x000000000800161c       0x7c Core/Src/stm32f1xx_hal_msp.o
                0x000000000800161c                HAL_I2C_MspInit
 .text.HAL_TIM_Base_MspInit
                0x0000000008001698       0x60 Core/Src/stm32f1xx_hal_msp.o
                0x0000000008001698                HAL_TIM_Base_MspInit
 .text.HAL_TIM_PWM_MspInit
                0x00000000080016f8       0x3c Core/Src/stm32f1xx_hal_msp.o
                0x00000000080016f8                HAL_TIM_PWM_MspInit
 .text.HAL_TIM_MspPostInit
                0x0000000008001734      0x16c Core/Src/stm32f1xx_hal_msp.o
                0x0000000008001734                HAL_TIM_MspPostInit
 .text.HAL_UART_MspInit
                0x00000000080018a0      0x1f4 Core/Src/stm32f1xx_hal_msp.o
                0x00000000080018a0                HAL_UART_MspInit
 .text.HAL_InitTick
                0x0000000008001a94       0xb0 Core/Src/stm32f1xx_hal_timebase_tim.o
                0x0000000008001a94                HAL_InitTick
 .text.NMI_Handler
                0x0000000008001b44        0xc Core/Src/stm32f1xx_it.o
                0x0000000008001b44                NMI_Handler
 .text.HardFault_Handler
                0x0000000008001b50        0x6 Core/Src/stm32f1xx_it.o
                0x0000000008001b50                HardFault_Handler
 .text.MemManage_Handler
                0x0000000008001b56        0x6 Core/Src/stm32f1xx_it.o
                0x0000000008001b56                MemManage_Handler
 .text.BusFault_Handler
                0x0000000008001b5c        0x6 Core/Src/stm32f1xx_it.o
                0x0000000008001b5c                BusFault_Handler
 .text.UsageFault_Handler
                0x0000000008001b62        0x6 Core/Src/stm32f1xx_it.o
                0x0000000008001b62                UsageFault_Handler
 .text.DebugMon_Handler
                0x0000000008001b68        0xc Core/Src/stm32f1xx_it.o
                0x0000000008001b68                DebugMon_Handler
 .text.DMA1_Channel4_IRQHandler
                0x0000000008001b74       0x14 Core/Src/stm32f1xx_it.o
                0x0000000008001b74                DMA1_Channel4_IRQHandler
 .text.DMA1_Channel5_IRQHandler
                0x0000000008001b88       0x14 Core/Src/stm32f1xx_it.o
                0x0000000008001b88                DMA1_Channel5_IRQHandler
 .text.USB_LP_CAN1_RX0_IRQHandler
                0x0000000008001b9c       0x14 Core/Src/stm32f1xx_it.o
                0x0000000008001b9c                USB_LP_CAN1_RX0_IRQHandler
 .text.USART1_IRQHandler
                0x0000000008001bb0       0x14 Core/Src/stm32f1xx_it.o
                0x0000000008001bb0                USART1_IRQHandler
 .text.EXTI15_10_IRQHandler
                0x0000000008001bc4       0x10 Core/Src/stm32f1xx_it.o
                0x0000000008001bc4                EXTI15_10_IRQHandler
 .text.UART5_IRQHandler
                0x0000000008001bd4       0x14 Core/Src/stm32f1xx_it.o
                0x0000000008001bd4                UART5_IRQHandler
 .text.TIM7_IRQHandler
                0x0000000008001be8       0x14 Core/Src/stm32f1xx_it.o
                0x0000000008001be8                TIM7_IRQHandler
 .text.SystemInit
                0x0000000008001bfc       0x68 Core/Src/system_stm32f1xx.o
                0x0000000008001bfc                SystemInit
 .text.InitUartQueue
                0x0000000008001c64       0x28 Core/Src/uart_cdc_if.o
                0x0000000008001c64                InitUartQueue
 .text._Z3maplllll
                0x0000000008001c8c       0x36 Core/Src/utils.o
                0x0000000008001c8c                map(long, long, long, long, long)
 *fill*         0x0000000008001cc2        0x2 
 .text.Reset_Handler
                0x0000000008001cc4       0x48 Core/Startup/startup_stm32f103rctx.o
                0x0000000008001cc4                Reset_Handler
 .text.Default_Handler
                0x0000000008001d0c        0x2 Core/Startup/startup_stm32f103rctx.o
                0x0000000008001d0c                RTC_Alarm_IRQHandler
                0x0000000008001d0c                EXTI2_IRQHandler
                0x0000000008001d0c                TIM8_TRG_COM_IRQHandler
                0x0000000008001d0c                TIM8_CC_IRQHandler
                0x0000000008001d0c                TIM1_CC_IRQHandler
                0x0000000008001d0c                TIM6_IRQHandler
                0x0000000008001d0c                PVD_IRQHandler
                0x0000000008001d0c                SDIO_IRQHandler
                0x0000000008001d0c                EXTI3_IRQHandler
                0x0000000008001d0c                EXTI0_IRQHandler
                0x0000000008001d0c                I2C2_EV_IRQHandler
                0x0000000008001d0c                ADC1_2_IRQHandler
                0x0000000008001d0c                SPI1_IRQHandler
                0x0000000008001d0c                TAMPER_IRQHandler
                0x0000000008001d0c                TIM8_UP_IRQHandler
                0x0000000008001d0c                DMA2_Channel2_IRQHandler
                0x0000000008001d0c                USART3_IRQHandler
                0x0000000008001d0c                RTC_IRQHandler
                0x0000000008001d0c                DMA1_Channel7_IRQHandler
                0x0000000008001d0c                CAN1_RX1_IRQHandler
                0x0000000008001d0c                ADC3_IRQHandler
                0x0000000008001d0c                TIM4_IRQHandler
                0x0000000008001d0c                DMA2_Channel1_IRQHandler
                0x0000000008001d0c                I2C1_EV_IRQHandler
                0x0000000008001d0c                DMA1_Channel6_IRQHandler
                0x0000000008001d0c                UART4_IRQHandler
                0x0000000008001d0c                TIM3_IRQHandler
                0x0000000008001d0c                RCC_IRQHandler
                0x0000000008001d0c                TIM1_TRG_COM_IRQHandler
                0x0000000008001d0c                DMA1_Channel1_IRQHandler
                0x0000000008001d0c                Default_Handler
                0x0000000008001d0c                TIM5_IRQHandler
                0x0000000008001d0c                EXTI9_5_IRQHandler
                0x0000000008001d0c                SPI2_IRQHandler
                0x0000000008001d0c                EXTI4_IRQHandler
                0x0000000008001d0c                USB_HP_CAN1_TX_IRQHandler
                0x0000000008001d0c                DMA1_Channel3_IRQHandler
                0x0000000008001d0c                FSMC_IRQHandler
                0x0000000008001d0c                TIM1_UP_IRQHandler
                0x0000000008001d0c                WWDG_IRQHandler
                0x0000000008001d0c                TIM2_IRQHandler
                0x0000000008001d0c                TIM1_BRK_IRQHandler
                0x0000000008001d0c                EXTI1_IRQHandler
                0x0000000008001d0c                DMA2_Channel4_5_IRQHandler
                0x0000000008001d0c                USART2_IRQHandler
                0x0000000008001d0c                I2C2_ER_IRQHandler
                0x0000000008001d0c                DMA1_Channel2_IRQHandler
                0x0000000008001d0c                TIM8_BRK_IRQHandler
                0x0000000008001d0c                CAN1_SCE_IRQHandler
                0x0000000008001d0c                FLASH_IRQHandler
                0x0000000008001d0c                SPI3_IRQHandler
                0x0000000008001d0c                I2C1_ER_IRQHandler
                0x0000000008001d0c                USBWakeUp_IRQHandler
                0x0000000008001d0c                DMA2_Channel3_IRQHandler
 *fill*         0x0000000008001d0e        0x2 
 .text.HAL_Init
                0x0000000008001d10       0x2c Drivers/STM32F1xx_HAL_Driver/stm32f1xx_hal.o
                0x0000000008001d10                HAL_Init
 .text.HAL_IncTick
                0x0000000008001d3c       0x24 Drivers/STM32F1xx_HAL_Driver/stm32f1xx_hal.o
                0x0000000008001d3c                HAL_IncTick
 .text.HAL_GetTick
                0x0000000008001d60       0x14 Drivers/STM32F1xx_HAL_Driver/stm32f1xx_hal.o
                0x0000000008001d60                HAL_GetTick
 .text.HAL_ADC_Init
                0x0000000008001d74      0x1d4 Drivers/STM32F1xx_HAL_Driver/stm32f1xx_hal_adc.o
                0x0000000008001d74                HAL_ADC_Init
 .text.HAL_ADC_ConfigChannel
                0x0000000008001f48      0x1f0 Drivers/STM32F1xx_HAL_Driver/stm32f1xx_hal_adc.o
                0x0000000008001f48                HAL_ADC_ConfigChannel
 .text.ADC_ConversionStop_Disable
                0x0000000008002138       0x74 Drivers/STM32F1xx_HAL_Driver/stm32f1xx_hal_adc.o
                0x0000000008002138                ADC_ConversionStop_Disable
 .text.__NVIC_SetPriorityGrouping
                0x00000000080021ac       0x48 Drivers/STM32F1xx_HAL_Driver/stm32f1xx_hal_cortex.o
 .text.__NVIC_GetPriorityGrouping
                0x00000000080021f4       0x1c Drivers/STM32F1xx_HAL_Driver/stm32f1xx_hal_cortex.o
 .text.__NVIC_EnableIRQ
                0x0000000008002210       0x38 Drivers/STM32F1xx_HAL_Driver/stm32f1xx_hal_cortex.o
 .text.__NVIC_SetPriority
                0x0000000008002248       0x54 Drivers/STM32F1xx_HAL_Driver/stm32f1xx_hal_cortex.o
 .text.NVIC_EncodePriority
                0x000000000800229c       0x64 Drivers/STM32F1xx_HAL_Driver/stm32f1xx_hal_cortex.o
 .text.HAL_NVIC_SetPriorityGrouping
                0x0000000008002300       0x16 Drivers/STM32F1xx_HAL_Driver/stm32f1xx_hal_cortex.o
                0x0000000008002300                HAL_NVIC_SetPriorityGrouping
 .text.HAL_NVIC_SetPriority
                0x0000000008002316       0x38 Drivers/STM32F1xx_HAL_Driver/stm32f1xx_hal_cortex.o
                0x0000000008002316                HAL_NVIC_SetPriority
 .text.HAL_NVIC_EnableIRQ
                0x000000000800234e       0x1c Drivers/STM32F1xx_HAL_Driver/stm32f1xx_hal_cortex.o
                0x000000000800234e                HAL_NVIC_EnableIRQ
 *fill*         0x000000000800236a        0x2 
 .text.HAL_DMA_Init
                0x000000000800236c       0xec Drivers/STM32F1xx_HAL_Driver/stm32f1xx_hal_dma.o
                0x000000000800236c                HAL_DMA_Init
 .text.HAL_DMA_Abort_IT
                0x0000000008002458      0x210 Drivers/STM32F1xx_HAL_Driver/stm32f1xx_hal_dma.o
                0x0000000008002458                HAL_DMA_Abort_IT
 .text.HAL_DMA_IRQHandler
                0x0000000008002668      0x478 Drivers/STM32F1xx_HAL_Driver/stm32f1xx_hal_dma.o
                0x0000000008002668                HAL_DMA_IRQHandler
 .text.HAL_GPIO_Init
                0x0000000008002ae0      0x2d4 Drivers/STM32F1xx_HAL_Driver/stm32f1xx_hal_gpio.o
                0x0000000008002ae0                HAL_GPIO_Init
 .text.HAL_GPIO_WritePin
                0x0000000008002db4       0x30 Drivers/STM32F1xx_HAL_Driver/stm32f1xx_hal_gpio.o
                0x0000000008002db4                HAL_GPIO_WritePin
 .text.HAL_GPIO_EXTI_IRQHandler
                0x0000000008002de4       0x30 Drivers/STM32F1xx_HAL_Driver/stm32f1xx_hal_gpio.o
                0x0000000008002de4                HAL_GPIO_EXTI_IRQHandler
 .text.HAL_GPIO_EXTI_Callback
                0x0000000008002e14       0x14 Drivers/STM32F1xx_HAL_Driver/stm32f1xx_hal_gpio.o
                0x0000000008002e14                HAL_GPIO_EXTI_Callback
 .text.HAL_I2C_Init
                0x0000000008002e28      0x250 Drivers/STM32F1xx_HAL_Driver/stm32f1xx_hal_i2c.o
                0x0000000008002e28                HAL_I2C_Init
 .text.HAL_I2C_Master_Transmit
                0x0000000008003078      0x1fc Drivers/STM32F1xx_HAL_Driver/stm32f1xx_hal_i2c.o
                0x0000000008003078                HAL_I2C_Master_Transmit
 .text.I2C_MasterRequestWrite
                0x0000000008003274       0xec Drivers/STM32F1xx_HAL_Driver/stm32f1xx_hal_i2c.o
 .text.I2C_WaitOnFlagUntilTimeout
                0x0000000008003360       0xae Drivers/STM32F1xx_HAL_Driver/stm32f1xx_hal_i2c.o
 .text.I2C_WaitOnMasterAddressFlagUntilTimeout
                0x000000000800340e       0xfe Drivers/STM32F1xx_HAL_Driver/stm32f1xx_hal_i2c.o
 .text.I2C_WaitOnTXEFlagUntilTimeout
                0x000000000800350c       0x82 Drivers/STM32F1xx_HAL_Driver/stm32f1xx_hal_i2c.o
 .text.I2C_WaitOnBTFFlagUntilTimeout
                0x000000000800358e       0x82 Drivers/STM32F1xx_HAL_Driver/stm32f1xx_hal_i2c.o
 .text.I2C_IsAcknowledgeFailed
                0x0000000008003610       0x5c Drivers/STM32F1xx_HAL_Driver/stm32f1xx_hal_i2c.o
 .text.HAL_PCD_Init
                0x000000000800366c      0x1c2 Drivers/STM32F1xx_HAL_Driver/stm32f1xx_hal_pcd.o
                0x000000000800366c                HAL_PCD_Init
 .text.HAL_PCD_Start
                0x000000000800382e       0x4c Drivers/STM32F1xx_HAL_Driver/stm32f1xx_hal_pcd.o
                0x000000000800382e                HAL_PCD_Start
 .text.HAL_PCD_IRQHandler
                0x000000000800387a      0x21c Drivers/STM32F1xx_HAL_Driver/stm32f1xx_hal_pcd.o
                0x000000000800387a                HAL_PCD_IRQHandler
 .text.HAL_PCD_SetAddress
                0x0000000008003a96       0x4a Drivers/STM32F1xx_HAL_Driver/stm32f1xx_hal_pcd.o
                0x0000000008003a96                HAL_PCD_SetAddress
 .text.HAL_PCD_EP_Open
                0x0000000008003ae0       0xc0 Drivers/STM32F1xx_HAL_Driver/stm32f1xx_hal_pcd.o
                0x0000000008003ae0                HAL_PCD_EP_Open
 .text.HAL_PCD_EP_Close
                0x0000000008003ba0       0x84 Drivers/STM32F1xx_HAL_Driver/stm32f1xx_hal_pcd.o
                0x0000000008003ba0                HAL_PCD_EP_Close
 .text.HAL_PCD_EP_Receive
                0x0000000008003c24       0x74 Drivers/STM32F1xx_HAL_Driver/stm32f1xx_hal_pcd.o
                0x0000000008003c24                HAL_PCD_EP_Receive
 .text.HAL_PCD_EP_GetRxCount
                0x0000000008003c98       0x28 Drivers/STM32F1xx_HAL_Driver/stm32f1xx_hal_pcd.o
                0x0000000008003c98                HAL_PCD_EP_GetRxCount
 .text.HAL_PCD_EP_Transmit
                0x0000000008003cc0       0x72 Drivers/STM32F1xx_HAL_Driver/stm32f1xx_hal_pcd.o
                0x0000000008003cc0                HAL_PCD_EP_Transmit
 .text.HAL_PCD_EP_SetStall
                0x0000000008003d32       0xb4 Drivers/STM32F1xx_HAL_Driver/stm32f1xx_hal_pcd.o
                0x0000000008003d32                HAL_PCD_EP_SetStall
 .text.HAL_PCD_EP_ClrStall
                0x0000000008003de6       0x9c Drivers/STM32F1xx_HAL_Driver/stm32f1xx_hal_pcd.o
                0x0000000008003de6                HAL_PCD_EP_ClrStall
 *fill*         0x0000000008003e82        0x2 
 .text.PCD_EP_ISR_Handler
                0x0000000008003e84      0x534 Drivers/STM32F1xx_HAL_Driver/stm32f1xx_hal_pcd.o
 .text.HAL_PCDEx_PMAConfig
                0x00000000080043b8       0x78 Drivers/STM32F1xx_HAL_Driver/stm32f1xx_hal_pcd_ex.o
                0x00000000080043b8                HAL_PCDEx_PMAConfig
 .text.HAL_RCC_OscConfig
                0x0000000008004430      0x500 Drivers/STM32F1xx_HAL_Driver/stm32f1xx_hal_rcc.o
                0x0000000008004430                HAL_RCC_OscConfig
 .text.HAL_RCC_ClockConfig
                0x0000000008004930      0x1d4 Drivers/STM32F1xx_HAL_Driver/stm32f1xx_hal_rcc.o
                0x0000000008004930                HAL_RCC_ClockConfig
 .text.HAL_RCC_GetSysClockFreq
                0x0000000008004b04       0xc8 Drivers/STM32F1xx_HAL_Driver/stm32f1xx_hal_rcc.o
                0x0000000008004b04                HAL_RCC_GetSysClockFreq
 .text.HAL_RCC_GetHCLKFreq
                0x0000000008004bcc       0x14 Drivers/STM32F1xx_HAL_Driver/stm32f1xx_hal_rcc.o
                0x0000000008004bcc                HAL_RCC_GetHCLKFreq
 .text.HAL_RCC_GetPCLK1Freq
                0x0000000008004be0       0x28 Drivers/STM32F1xx_HAL_Driver/stm32f1xx_hal_rcc.o
                0x0000000008004be0                HAL_RCC_GetPCLK1Freq
 .text.HAL_RCC_GetPCLK2Freq
                0x0000000008004c08       0x28 Drivers/STM32F1xx_HAL_Driver/stm32f1xx_hal_rcc.o
                0x0000000008004c08                HAL_RCC_GetPCLK2Freq
 .text.HAL_RCC_GetClockConfig
                0x0000000008004c30       0x60 Drivers/STM32F1xx_HAL_Driver/stm32f1xx_hal_rcc.o
                0x0000000008004c30                HAL_RCC_GetClockConfig
 .text.RCC_Delay
                0x0000000008004c90       0x3c Drivers/STM32F1xx_HAL_Driver/stm32f1xx_hal_rcc.o
 .text.HAL_RCCEx_PeriphCLKConfig
                0x0000000008004ccc      0x16c Drivers/STM32F1xx_HAL_Driver/stm32f1xx_hal_rcc_ex.o
                0x0000000008004ccc                HAL_RCCEx_PeriphCLKConfig
 .text.HAL_TIM_Base_Init
                0x0000000008004e38       0x56 Drivers/STM32F1xx_HAL_Driver/stm32f1xx_hal_tim.o
                0x0000000008004e38                HAL_TIM_Base_Init
 .text.HAL_TIM_Base_Start_IT
                0x0000000008004e8e       0x46 Drivers/STM32F1xx_HAL_Driver/stm32f1xx_hal_tim.o
                0x0000000008004e8e                HAL_TIM_Base_Start_IT
 .text.HAL_TIM_PWM_Init
                0x0000000008004ed4       0x56 Drivers/STM32F1xx_HAL_Driver/stm32f1xx_hal_tim.o
                0x0000000008004ed4                HAL_TIM_PWM_Init
 *fill*         0x0000000008004f2a        0x2 
 .text.HAL_TIM_PWM_Start
                0x0000000008004f2c       0x7c Drivers/STM32F1xx_HAL_Driver/stm32f1xx_hal_tim.o
                0x0000000008004f2c                HAL_TIM_PWM_Start
 .text.HAL_TIM_IRQHandler
                0x0000000008004fa8      0x210 Drivers/STM32F1xx_HAL_Driver/stm32f1xx_hal_tim.o
                0x0000000008004fa8                HAL_TIM_IRQHandler
 .text.HAL_TIM_PWM_ConfigChannel
                0x00000000080051b8      0x18c Drivers/STM32F1xx_HAL_Driver/stm32f1xx_hal_tim.o
                0x00000000080051b8                HAL_TIM_PWM_ConfigChannel
 .text.HAL_TIM_ConfigClockSource
                0x0000000008005344      0x16e Drivers/STM32F1xx_HAL_Driver/stm32f1xx_hal_tim.o
                0x0000000008005344                HAL_TIM_ConfigClockSource
 .text.HAL_TIM_OC_DelayElapsedCallback
                0x00000000080054b2       0x12 Drivers/STM32F1xx_HAL_Driver/stm32f1xx_hal_tim.o
                0x00000000080054b2                HAL_TIM_OC_DelayElapsedCallback
 .text.HAL_TIM_IC_CaptureCallback
                0x00000000080054c4       0x12 Drivers/STM32F1xx_HAL_Driver/stm32f1xx_hal_tim.o
                0x00000000080054c4                HAL_TIM_IC_CaptureCallback
 .text.HAL_TIM_PWM_PulseFinishedCallback
                0x00000000080054d6       0x12 Drivers/STM32F1xx_HAL_Driver/stm32f1xx_hal_tim.o
                0x00000000080054d6                HAL_TIM_PWM_PulseFinishedCallback
 .text.HAL_TIM_TriggerCallback
                0x00000000080054e8       0x12 Drivers/STM32F1xx_HAL_Driver/stm32f1xx_hal_tim.o
                0x00000000080054e8                HAL_TIM_TriggerCallback
 *fill*         0x00000000080054fa        0x2 
 .text.TIM_Base_SetConfig
                0x00000000080054fc       0xf4 Drivers/STM32F1xx_HAL_Driver/stm32f1xx_hal_tim.o
                0x00000000080054fc                TIM_Base_SetConfig
 .text.TIM_OC1_SetConfig
                0x00000000080055f0       0xe0 Drivers/STM32F1xx_HAL_Driver/stm32f1xx_hal_tim.o
 .text.TIM_OC2_SetConfig
                0x00000000080056d0       0xe8 Drivers/STM32F1xx_HAL_Driver/stm32f1xx_hal_tim.o
                0x00000000080056d0                TIM_OC2_SetConfig
 .text.TIM_OC3_SetConfig
                0x00000000080057b8       0xe8 Drivers/STM32F1xx_HAL_Driver/stm32f1xx_hal_tim.o
 .text.TIM_OC4_SetConfig
                0x00000000080058a0       0xa8 Drivers/STM32F1xx_HAL_Driver/stm32f1xx_hal_tim.o
 .text.TIM_TI1_ConfigInputStage
                0x0000000008005948       0x5c Drivers/STM32F1xx_HAL_Driver/stm32f1xx_hal_tim.o
 .text.TIM_TI2_ConfigInputStage
                0x00000000080059a4       0x5e Drivers/STM32F1xx_HAL_Driver/stm32f1xx_hal_tim.o
 .text.TIM_ITRx_SetConfig
                0x0000000008005a02       0x34 Drivers/STM32F1xx_HAL_Driver/stm32f1xx_hal_tim.o
 .text.TIM_ETR_SetConfig
                0x0000000008005a36       0x3e Drivers/STM32F1xx_HAL_Driver/stm32f1xx_hal_tim.o
                0x0000000008005a36                TIM_ETR_SetConfig
 .text.TIM_CCxChannelCmd
                0x0000000008005a74       0x48 Drivers/STM32F1xx_HAL_Driver/stm32f1xx_hal_tim.o
                0x0000000008005a74                TIM_CCxChannelCmd
 .text.HAL_TIMEx_MasterConfigSynchronization
                0x0000000008005abc       0x88 Drivers/STM32F1xx_HAL_Driver/stm32f1xx_hal_tim_ex.o
                0x0000000008005abc                HAL_TIMEx_MasterConfigSynchronization
 .text.HAL_TIMEx_CommutCallback
                0x0000000008005b44       0x12 Drivers/STM32F1xx_HAL_Driver/stm32f1xx_hal_tim_ex.o
                0x0000000008005b44                HAL_TIMEx_CommutCallback
 .text.HAL_TIMEx_BreakCallback
                0x0000000008005b56       0x12 Drivers/STM32F1xx_HAL_Driver/stm32f1xx_hal_tim_ex.o
                0x0000000008005b56                HAL_TIMEx_BreakCallback
 .text.HAL_UART_Init
                0x0000000008005b68       0x9a Drivers/STM32F1xx_HAL_Driver/stm32f1xx_hal_uart.o
                0x0000000008005b68                HAL_UART_Init
 .text.HAL_UART_Transmit
                0x0000000008005c02      0x132 Drivers/STM32F1xx_HAL_Driver/stm32f1xx_hal_uart.o
                0x0000000008005c02                HAL_UART_Transmit
 .text.HAL_UART_Receive_IT
                0x0000000008005d34       0xa8 Drivers/STM32F1xx_HAL_Driver/stm32f1xx_hal_uart.o
                0x0000000008005d34                HAL_UART_Receive_IT
 .text.HAL_UART_IRQHandler
                0x0000000008005ddc      0x1f8 Drivers/STM32F1xx_HAL_Driver/stm32f1xx_hal_uart.o
                0x0000000008005ddc                HAL_UART_IRQHandler
 .text.HAL_UART_TxCpltCallback
                0x0000000008005fd4       0x12 Drivers/STM32F1xx_HAL_Driver/stm32f1xx_hal_uart.o
                0x0000000008005fd4                HAL_UART_TxCpltCallback
 .text.HAL_UART_ErrorCallback
                0x0000000008005fe6       0x12 Drivers/STM32F1xx_HAL_Driver/stm32f1xx_hal_uart.o
                0x0000000008005fe6                HAL_UART_ErrorCallback
 .text.UART_WaitOnFlagUntilTimeout
                0x0000000008005ff8       0x94 Drivers/STM32F1xx_HAL_Driver/stm32f1xx_hal_uart.o
 .text.UART_EndRxTransfer
                0x000000000800608c       0x3a Drivers/STM32F1xx_HAL_Driver/stm32f1xx_hal_uart.o
 .text.UART_DMAAbortOnError
                0x00000000080060c6       0x28 Drivers/STM32F1xx_HAL_Driver/stm32f1xx_hal_uart.o
 .text.UART_Transmit_IT
                0x00000000080060ee       0xaa Drivers/STM32F1xx_HAL_Driver/stm32f1xx_hal_uart.o
 .text.UART_EndTransmit_IT
                0x0000000008006198       0x30 Drivers/STM32F1xx_HAL_Driver/stm32f1xx_hal_uart.o
 .text.UART_Receive_IT
                0x00000000080061c8      0x102 Drivers/STM32F1xx_HAL_Driver/stm32f1xx_hal_uart.o
 *fill*         0x00000000080062ca        0x2 
 .text.UART_SetConfig
                0x00000000080062cc      0x1b4 Drivers/STM32F1xx_HAL_Driver/stm32f1xx_hal_uart.o
 .text.USB_CoreInit
                0x0000000008006480       0x20 Drivers/STM32F1xx_HAL_Driver/stm32f1xx_ll_usb.o
                0x0000000008006480                USB_CoreInit
 .text.USB_EnableGlobalInt
                0x00000000080064a0       0x2e Drivers/STM32F1xx_HAL_Driver/stm32f1xx_ll_usb.o
                0x00000000080064a0                USB_EnableGlobalInt
 .text.USB_DisableGlobalInt
                0x00000000080064ce       0x38 Drivers/STM32F1xx_HAL_Driver/stm32f1xx_ll_usb.o
                0x00000000080064ce                USB_DisableGlobalInt
 .text.USB_SetCurrentMode
                0x0000000008006506       0x18 Drivers/STM32F1xx_HAL_Driver/stm32f1xx_ll_usb.o
                0x0000000008006506                USB_SetCurrentMode
 .text.USB_DevInit
                0x000000000800651e       0x48 Drivers/STM32F1xx_HAL_Driver/stm32f1xx_ll_usb.o
                0x000000000800651e                USB_DevInit
 *fill*         0x0000000008006566        0x2 
 .text.USB_ActivateEndpoint
                0x0000000008006568      0x5dc Drivers/STM32F1xx_HAL_Driver/stm32f1xx_ll_usb.o
                0x0000000008006568                USB_ActivateEndpoint
 .text.USB_DeactivateEndpoint
                0x0000000008006b44      0x32c Drivers/STM32F1xx_HAL_Driver/stm32f1xx_ll_usb.o
                0x0000000008006b44                USB_DeactivateEndpoint
 .text.USB_EPStartXfer
                0x0000000008006e70      0x570 Drivers/STM32F1xx_HAL_Driver/stm32f1xx_ll_usb.o
                0x0000000008006e70                USB_EPStartXfer
 .text.USB_EPSetStall
                0x00000000080073e0       0x84 Drivers/STM32F1xx_HAL_Driver/stm32f1xx_ll_usb.o
                0x00000000080073e0                USB_EPSetStall
 .text.USB_EPClearStall
                0x0000000008007464      0x128 Drivers/STM32F1xx_HAL_Driver/stm32f1xx_ll_usb.o
                0x0000000008007464                USB_EPClearStall
 .text.USB_SetDevAddress
                0x000000000800758c       0x26 Drivers/STM32F1xx_HAL_Driver/stm32f1xx_ll_usb.o
                0x000000000800758c                USB_SetDevAddress
 .text.USB_DevConnect
                0x00000000080075b2       0x14 Drivers/STM32F1xx_HAL_Driver/stm32f1xx_ll_usb.o
                0x00000000080075b2                USB_DevConnect
 .text.USB_DevDisconnect
                0x00000000080075c6       0x14 Drivers/STM32F1xx_HAL_Driver/stm32f1xx_ll_usb.o
                0x00000000080075c6                USB_DevDisconnect
 .text.USB_ReadInterrupts
                0x00000000080075da       0x1e Drivers/STM32F1xx_HAL_Driver/stm32f1xx_ll_usb.o
                0x00000000080075da                USB_ReadInterrupts
 .text.USB_EP0_OutStart
                0x00000000080075f8       0x16 Drivers/STM32F1xx_HAL_Driver/stm32f1xx_ll_usb.o
                0x00000000080075f8                USB_EP0_OutStart
 .text.USB_WritePMA
                0x000000000800760e       0x88 Drivers/STM32F1xx_HAL_Driver/stm32f1xx_ll_usb.o
                0x000000000800760e                USB_WritePMA
 .text.USB_ReadPMA
                0x0000000008007696       0x9e Drivers/STM32F1xx_HAL_Driver/stm32f1xx_ll_usb.o
                0x0000000008007696                USB_ReadPMA
 .text.makeFreeRtosPriority
                0x0000000008007734       0x2e Middlewares/FreeRTOS/cmsis_os.o
 .text.inHandlerMode
                0x0000000008007762       0x22 Middlewares/FreeRTOS/cmsis_os.o
 .text.osKernelStart
                0x0000000008007784        0xe Middlewares/FreeRTOS/cmsis_os.o
                0x0000000008007784                osKernelStart
 .text.osKernelSysTick
                0x0000000008007792       0x20 Middlewares/FreeRTOS/cmsis_os.o
                0x0000000008007792                osKernelSysTick
 .text.osThreadCreate
                0x00000000080077b2       0x98 Middlewares/FreeRTOS/cmsis_os.o
                0x00000000080077b2                osThreadCreate
 *fill*         0x000000000800784a        0x2 
 .text.pvPortMalloc
                0x000000000800784c      0x184 Middlewares/FreeRTOS/heap_4.o
                0x000000000800784c                pvPortMalloc
 .text.vPortFree
                0x00000000080079d0       0xb0 Middlewares/FreeRTOS/heap_4.o
                0x00000000080079d0                vPortFree
 .text.prvHeapInit
                0x0000000008007a80       0xc4 Middlewares/FreeRTOS/heap_4.o
 .text.prvInsertBlockIntoFreeList
                0x0000000008007b44       0xb0 Middlewares/FreeRTOS/heap_4.o
 .text.vListInitialise
                0x0000000008007bf4       0x3e Middlewares/FreeRTOS/list.o
                0x0000000008007bf4                vListInitialise
 .text.vListInitialiseItem
                0x0000000008007c32       0x18 Middlewares/FreeRTOS/list.o
                0x0000000008007c32                vListInitialiseItem
 .text.vListInsertEnd
                0x0000000008007c4a       0x46 Middlewares/FreeRTOS/list.o
                0x0000000008007c4a                vListInsertEnd
 .text.uxListRemove
                0x0000000008007c90       0x52 Middlewares/FreeRTOS/list.o
                0x0000000008007c90                uxListRemove
 *fill*         0x0000000008007ce2        0x2 
 .text.pxPortInitialiseStack
                0x0000000008007ce4       0x58 Middlewares/FreeRTOS/port.o
                0x0000000008007ce4                pxPortInitialiseStack
 .text.prvTaskExitError
                0x0000000008007d3c       0x50 Middlewares/FreeRTOS/port.o
 *fill*         0x0000000008007d8c        0x4 
 .text.SVC_Handler
                0x0000000008007d90       0x28 Middlewares/FreeRTOS/port.o
                0x0000000008007d90                SVC_Handler
 .text.prvPortStartFirstTask
                0x0000000008007db8       0x20 Middlewares/FreeRTOS/port.o
 .text.xPortStartScheduler
                0x0000000008007dd8       0xe0 Middlewares/FreeRTOS/port.o
                0x0000000008007dd8                xPortStartScheduler
 .text.vPortEnterCritical
                0x0000000008007eb8       0x5c Middlewares/FreeRTOS/port.o
                0x0000000008007eb8                vPortEnterCritical
 .text.vPortExitCritical
                0x0000000008007f14       0x4c Middlewares/FreeRTOS/port.o
                0x0000000008007f14                vPortExitCritical
 .text.PendSV_Handler
                0x0000000008007f60       0x48 Middlewares/FreeRTOS/port.o
                0x0000000008007f60                PendSV_Handler
 .text.SysTick_Handler
                0x0000000008007fa8       0x40 Middlewares/FreeRTOS/port.o
                0x0000000008007fa8                SysTick_Handler
 .text.vPortSetupTimerInterrupt
                0x0000000008007fe8       0x44 Middlewares/FreeRTOS/port.o
                0x0000000008007fe8                vPortSetupTimerInterrupt
 .text.vPortValidateInterruptPriority
                0x000000000800802c       0x78 Middlewares/FreeRTOS/port.o
                0x000000000800802c                vPortValidateInterruptPriority
 .text.xTaskCreateStatic
                0x00000000080080a4       0xb2 Middlewares/FreeRTOS/tasks.o
                0x00000000080080a4                xTaskCreateStatic
 .text.xTaskCreate
                0x0000000008008156       0x8a Middlewares/FreeRTOS/tasks.o
                0x0000000008008156                xTaskCreate
 .text.prvInitialiseNewTask
                0x00000000080081e0       0xfc Middlewares/FreeRTOS/tasks.o
 .text.prvAddNewTaskToReadyList
                0x00000000080082dc       0xd4 Middlewares/FreeRTOS/tasks.o
 .text.vTaskStartScheduler
                0x00000000080083b0       0xbc Middlewares/FreeRTOS/tasks.o
                0x00000000080083b0                vTaskStartScheduler
 .text.vTaskSuspendAll
                0x000000000800846c       0x1c Middlewares/FreeRTOS/tasks.o
                0x000000000800846c                vTaskSuspendAll
 .text.xTaskResumeAll
                0x0000000008008488      0x138 Middlewares/FreeRTOS/tasks.o
                0x0000000008008488                xTaskResumeAll
 .text.xTaskGetTickCount
                0x00000000080085c0       0x1c Middlewares/FreeRTOS/tasks.o
                0x00000000080085c0                xTaskGetTickCount
 .text.xTaskGetTickCountFromISR
                0x00000000080085dc       0x24 Middlewares/FreeRTOS/tasks.o
                0x00000000080085dc                xTaskGetTickCountFromISR
 .text.xTaskIncrementTick
                0x0000000008008600      0x178 Middlewares/FreeRTOS/tasks.o
                0x0000000008008600                xTaskIncrementTick
 .text.vTaskSwitchContext
                0x0000000008008778       0xb4 Middlewares/FreeRTOS/tasks.o
                0x0000000008008778                vTaskSwitchContext
 .text.prvIdleTask
                0x000000000800882c       0x30 Middlewares/FreeRTOS/tasks.o
 .text.prvInitialiseTaskLists
                0x000000000800885c       0x80 Middlewares/FreeRTOS/tasks.o
 .text.prvCheckTasksWaitingTermination
                0x00000000080088dc       0x58 Middlewares/FreeRTOS/tasks.o
 .text.prvDeleteTCB
                0x0000000008008934       0x5c Middlewares/FreeRTOS/tasks.o
 .text.prvResetNextTaskUnblockTime
                0x0000000008008990       0x48 Middlewares/FreeRTOS/tasks.o
 .text.midiEventQueueInitialize
                0x00000000080089d8       0x2a Middlewares/LibMIDI/Source/midiEventQueue.o
                0x00000000080089d8                midiEventQueueInitialize
 .text.midiEventQueueIsEmpty
                0x0000000008008a02       0x28 Middlewares/LibMIDI/Source/midiEventQueue.o
                0x0000000008008a02                midiEventQueueIsEmpty
 .text.midiEventQueueClear
                0x0000000008008a2a       0x1e Middlewares/LibMIDI/Source/midiEventQueue.o
                0x0000000008008a2a                midiEventQueueClear
 .text.midiEventQueuePush
                0x0000000008008a48       0x52 Middlewares/LibMIDI/Source/midiEventQueue.o
                0x0000000008008a48                midiEventQueuePush
 .text.midiEventQueuePop
                0x0000000008008a9a       0x70 Middlewares/LibMIDI/Source/midiEventQueue.o
                0x0000000008008a9a                midiEventQueuePop
 *fill*         0x0000000008008b0a        0x2 
 .text.midiInputClear
                0x0000000008008b0c       0x14 Middlewares/LibMIDI/Source/midiInput.o
                0x0000000008008b0c                midiInputClear
 .text.midiInputIsEmpty
                0x0000000008008b20       0x14 Middlewares/LibMIDI/Source/midiInput.o
                0x0000000008008b20                midiInputIsEmpty
 .text.midiInputEventPopAndStore
                0x0000000008008b34       0x5c Middlewares/LibMIDI/Source/midiInput.o
                0x0000000008008b34                midiInputEventPopAndStore
 .text.midiOutputInitialize
                0x0000000008008b90       0x30 Middlewares/LibMIDI/Source/midiOutput.o
                0x0000000008008b90                midiOutputInitialize
 .text.midiOutputEventPush
                0x0000000008008bc0       0x20 Middlewares/LibMIDI/Source/midiOutput.o
                0x0000000008008bc0                midiOutputEventPush
 .text.midiOutput
                0x0000000008008be0       0x68 Middlewares/LibMIDI/Source/midiOutput.o
                0x0000000008008be0                midiOutput
 .text.midiUSBDeviceInitialize
                0x0000000008008c48       0x38 Middlewares/LibMIDI/Source/midiUSB.o
                0x0000000008008c48                midiUSBDeviceInitialize
 .text.midiIsConnected
                0x0000000008008c80       0x20 Middlewares/LibMIDI/Source/midiUSB.o
                0x0000000008008c80                midiIsConnected
 .text.midiUSBInitialize
                0x0000000008008ca0       0x28 Middlewares/LibMIDI/Source/midiUSB.o
 .text.midiUSBDeinitialize
                0x0000000008008cc8        0xe Middlewares/LibMIDI/Source/midiUSB.o
 *fill*         0x0000000008008cd6        0x2 
 .text.midiUSBReceive
                0x0000000008008cd8       0x3c Middlewares/LibMIDI/Source/midiUSB.o
 .text.midiUSBTask
                0x0000000008008d14       0x10 Middlewares/LibMIDI/Source/midiUSB.o
                0x0000000008008d14                midiUSBTask
 .text.midiUSBProcessUSBTransmitEvent
                0x0000000008008d24       0x68 Middlewares/LibMIDI/Source/midiUSB.o
 .text.midiUSBProcessUSBReceivedEvent
                0x0000000008008d8c       0xb8 Middlewares/LibMIDI/Source/midiUSB.o
 .text.sysMemZero
                0x0000000008008e44       0x1c Middlewares/LibOS/Source/sysHelpers.o
                0x0000000008008e44                sysMemZero
 .text.USBD_Init
                0x0000000008008e60       0x56 Middlewares/USB_Device_Library/usbd_core.o
                0x0000000008008e60                USBD_Init
 .text.USBD_RegisterClass
                0x0000000008008eb6       0x32 Middlewares/USB_Device_Library/usbd_core.o
                0x0000000008008eb6                USBD_RegisterClass
 .text.USBD_Start
                0x0000000008008ee8       0x18 Middlewares/USB_Device_Library/usbd_core.o
                0x0000000008008ee8                USBD_Start
 .text.USBD_RunTestMode
                0x0000000008008f00       0x14 Middlewares/USB_Device_Library/usbd_core.o
                0x0000000008008f00                USBD_RunTestMode
 .text.USBD_SetClassConfig
                0x0000000008008f14       0x3e Middlewares/USB_Device_Library/usbd_core.o
                0x0000000008008f14                USBD_SetClassConfig
 .text.USBD_ClrClassConfig
                0x0000000008008f52       0x26 Middlewares/USB_Device_Library/usbd_core.o
                0x0000000008008f52                USBD_ClrClassConfig
 .text.USBD_LL_SetupStage
                0x0000000008008f78       0x96 Middlewares/USB_Device_Library/usbd_core.o
                0x0000000008008f78                USBD_LL_SetupStage
 .text.USBD_LL_DataOutStage
                0x000000000800900e       0xe2 Middlewares/USB_Device_Library/usbd_core.o
                0x000000000800900e                USBD_LL_DataOutStage
 .text.USBD_LL_DataInStage
                0x00000000080090f0      0x14a Middlewares/USB_Device_Library/usbd_core.o
                0x00000000080090f0                USBD_LL_DataInStage
 .text.USBD_LL_Reset
                0x000000000800923a       0x82 Middlewares/USB_Device_Library/usbd_core.o
                0x000000000800923a                USBD_LL_Reset
 .text.USBD_LL_SetSpeed
                0x00000000080092bc       0x1e Middlewares/USB_Device_Library/usbd_core.o
                0x00000000080092bc                USBD_LL_SetSpeed
 .text.USBD_LL_Suspend
                0x00000000080092da       0x28 Middlewares/USB_Device_Library/usbd_core.o
                0x00000000080092da                USBD_LL_Suspend
 .text.USBD_LL_Resume
                0x0000000008009302       0x2a Middlewares/USB_Device_Library/usbd_core.o
                0x0000000008009302                USBD_LL_Resume
 .text.USBD_LL_SOF
                0x000000000800932c       0x34 Middlewares/USB_Device_Library/usbd_core.o
                0x000000000800932c                USBD_LL_SOF
 .text.USBD_StdDevReq
                0x0000000008009360       0xd4 Middlewares/USB_Device_Library/usbd_ctlreq.o
                0x0000000008009360                USBD_StdDevReq
 .text.USBD_StdItfReq
                0x0000000008009434       0x8c Middlewares/USB_Device_Library/usbd_ctlreq.o
                0x0000000008009434                USBD_StdItfReq
 .text.USBD_StdEPReq
                0x00000000080094c0      0x2ba Middlewares/USB_Device_Library/usbd_ctlreq.o
                0x00000000080094c0                USBD_StdEPReq
 *fill*         0x000000000800977a        0x2 
 .text.USBD_GetDescriptor
                0x000000000800977c      0x2d0 Middlewares/USB_Device_Library/usbd_ctlreq.o
 .text.USBD_SetAddress
                0x0000000008009a4c       0x84 Middlewares/USB_Device_Library/usbd_ctlreq.o
 .text.USBD_SetConfig
                0x0000000008009ad0      0x11c Middlewares/USB_Device_Library/usbd_ctlreq.o
 .text.USBD_GetConfig
                0x0000000008009bec       0x68 Middlewares/USB_Device_Library/usbd_ctlreq.o
 .text.USBD_GetStatus
                0x0000000008009c54       0x66 Middlewares/USB_Device_Library/usbd_ctlreq.o
 .text.USBD_SetFeature
                0x0000000008009cba       0x28 Middlewares/USB_Device_Library/usbd_ctlreq.o
 .text.USBD_ClrFeature
                0x0000000008009ce2       0x42 Middlewares/USB_Device_Library/usbd_ctlreq.o
 .text.USBD_ParseSetupRequest
                0x0000000008009d24       0x78 Middlewares/USB_Device_Library/usbd_ctlreq.o
                0x0000000008009d24                USBD_ParseSetupRequest
 .text.USBD_CtlError
                0x0000000008009d9c       0x22 Middlewares/USB_Device_Library/usbd_ctlreq.o
                0x0000000008009d9c                USBD_CtlError
 .text.USBD_GetString
                0x0000000008009dbe       0x84 Middlewares/USB_Device_Library/usbd_ctlreq.o
                0x0000000008009dbe                USBD_GetString
 .text.USBD_GetLen
                0x0000000008009e42       0x2e Middlewares/USB_Device_Library/usbd_ctlreq.o
 .text.USBD_CtlSendData
                0x0000000008009e70       0x38 Middlewares/USB_Device_Library/usbd_ioreq.o
                0x0000000008009e70                USBD_CtlSendData
 .text.USBD_CtlContinueSendData
                0x0000000008009ea8       0x24 Middlewares/USB_Device_Library/usbd_ioreq.o
                0x0000000008009ea8                USBD_CtlContinueSendData
 .text.USBD_CtlContinueRx
                0x0000000008009ecc       0x24 Middlewares/USB_Device_Library/usbd_ioreq.o
                0x0000000008009ecc                USBD_CtlContinueRx
 .text.USBD_CtlSendStatus
                0x0000000008009ef0       0x26 Middlewares/USB_Device_Library/usbd_ioreq.o
                0x0000000008009ef0                USBD_CtlSendStatus
 .text.USBD_CtlReceiveStatus
                0x0000000008009f16       0x26 Middlewares/USB_Device_Library/usbd_ioreq.o
                0x0000000008009f16                USBD_CtlReceiveStatus
 .text.USBD_MIDI_Init
                0x0000000008009f3c       0xb6 USB_DEVICE/App/usbd_midi.o
 .text.USBD_MIDI_DeInit
                0x0000000008009ff2       0x52 USB_DEVICE/App/usbd_midi.o
 .text.USBD_MIDI_Setup
                0x000000000800a044       0x16 USB_DEVICE/App/usbd_midi.o
 .text.USBD_MIDI_DataIn
                0x000000000800a05a       0x34 USB_DEVICE/App/usbd_midi.o
 .text.USBD_MIDI_DataOut
                0x000000000800a08e       0x56 USB_DEVICE/App/usbd_midi.o
 .text.USBD_MIDI_EP0_RxReady
                0x000000000800a0e4       0x14 USB_DEVICE/App/usbd_midi.o
 .text.USBD_MIDI_GetFSCfgDesc
                0x000000000800a0f8       0x20 USB_DEVICE/App/usbd_midi.o
 .text.USBD_MIDI_GetHSCfgDesc
                0x000000000800a118       0x20 USB_DEVICE/App/usbd_midi.o
 .text.USBD_MIDI_GetOtherSpeedCfgDesc
                0x000000000800a138       0x20 USB_DEVICE/App/usbd_midi.o
 .text.USBD_MIDI_GetDeviceQualifierDescriptor
                0x000000000800a158       0x20 USB_DEVICE/App/usbd_midi.o
                0x000000000800a158                USBD_MIDI_GetDeviceQualifierDescriptor
 .text.USBD_MIDI_RegisterInterface
                0x000000000800a178       0x2c USB_DEVICE/App/usbd_midi.o
                0x000000000800a178                USBD_MIDI_RegisterInterface
 .text.USBD_MIDI_SetTxBuffer
                0x000000000800a1a4       0x38 USB_DEVICE/App/usbd_midi.o
                0x000000000800a1a4                USBD_MIDI_SetTxBuffer
 .text.USBD_MIDI_SetRxBuffer
                0x000000000800a1dc       0x2e USB_DEVICE/App/usbd_midi.o
                0x000000000800a1dc                USBD_MIDI_SetRxBuffer
 .text.USBD_MIDI_IsTransmitterBusy
                0x000000000800a20a       0x36 USB_DEVICE/App/usbd_midi.o
                0x000000000800a20a                USBD_MIDI_IsTransmitterBusy
 .text.USBD_MIDI_IsReceiverBusy
                0x000000000800a240       0x30 USB_DEVICE/App/usbd_midi.o
                0x000000000800a240                USBD_MIDI_IsReceiverBusy
 .text.USBD_MIDI_TransmitPacket
                0x000000000800a270       0x4c USB_DEVICE/App/usbd_midi.o
                0x000000000800a270                USBD_MIDI_TransmitPacket
 .text.USBD_MIDI_ReceivePacket
                0x000000000800a2bc       0x50 USB_DEVICE/App/usbd_midi.o
                0x000000000800a2bc                USBD_MIDI_ReceivePacket
 .text.USBD_FS_DeviceDescriptor
                0x000000000800a30c       0x24 USB_DEVICE/App/usbd_midi_desc.o
                0x000000000800a30c                USBD_FS_DeviceDescriptor
 .text.USBD_FS_LangIDStrDescriptor
                0x000000000800a330       0x24 USB_DEVICE/App/usbd_midi_desc.o
                0x000000000800a330                USBD_FS_LangIDStrDescriptor
 .text.USBD_FS_ProductStrDescriptor
                0x000000000800a354       0x3c USB_DEVICE/App/usbd_midi_desc.o
                0x000000000800a354                USBD_FS_ProductStrDescriptor
 .text.USBD_FS_ManufacturerStrDescriptor
                0x000000000800a390       0x28 USB_DEVICE/App/usbd_midi_desc.o
                0x000000000800a390                USBD_FS_ManufacturerStrDescriptor
 .text.USBD_FS_SerialStrDescriptor
                0x000000000800a3b8       0x3c USB_DEVICE/App/usbd_midi_desc.o
                0x000000000800a3b8                USBD_FS_SerialStrDescriptor
 .text.USBD_FS_ConfigStrDescriptor
                0x000000000800a3f4       0x3c USB_DEVICE/App/usbd_midi_desc.o
                0x000000000800a3f4                USBD_FS_ConfigStrDescriptor
 .text.USBD_FS_InterfaceStrDescriptor
                0x000000000800a430       0x3c USB_DEVICE/App/usbd_midi_desc.o
                0x000000000800a430                USBD_FS_InterfaceStrDescriptor
 .text.HAL_PCD_MspInit
                0x000000000800a46c       0x4c USB_DEVICE/Target/usbd_midi_conf.o
                0x000000000800a46c                HAL_PCD_MspInit
 .text.HAL_PCD_SetupStageCallback
                0x000000000800a4b8       0x24 USB_DEVICE/Target/usbd_midi_conf.o
                0x000000000800a4b8                HAL_PCD_SetupStageCallback
 .text.HAL_PCD_DataOutStageCallback
                0x000000000800a4dc       0x30 USB_DEVICE/Target/usbd_midi_conf.o
                0x000000000800a4dc                HAL_PCD_DataOutStageCallback
 .text.HAL_PCD_DataInStageCallback
                0x000000000800a50c       0x2e USB_DEVICE/Target/usbd_midi_conf.o
                0x000000000800a50c                HAL_PCD_DataInStageCallback
 .text.HAL_PCD_SOFCallback
                0x000000000800a53a       0x1c USB_DEVICE/Target/usbd_midi_conf.o
                0x000000000800a53a                HAL_PCD_SOFCallback
 .text.HAL_PCD_ResetCallback
                0x000000000800a556       0x44 USB_DEVICE/Target/usbd_midi_conf.o
                0x000000000800a556                HAL_PCD_ResetCallback
 *fill*         0x000000000800a59a        0x2 
 .text.HAL_PCD_SuspendCallback
                0x000000000800a59c       0x34 USB_DEVICE/Target/usbd_midi_conf.o
                0x000000000800a59c                HAL_PCD_SuspendCallback
 .text.HAL_PCD_ResumeCallback
                0x000000000800a5d0       0x1c USB_DEVICE/Target/usbd_midi_conf.o
                0x000000000800a5d0                HAL_PCD_ResumeCallback
 .text.USBD_LL_Init
                0x000000000800a5ec       0xb0 USB_DEVICE/Target/usbd_midi_conf.o
                0x000000000800a5ec                USBD_LL_Init
 .text.USBD_LL_Start
                0x000000000800a69c       0x1e USB_DEVICE/Target/usbd_midi_conf.o
                0x000000000800a69c                USBD_LL_Start
 .text.USBD_LL_OpenEP
                0x000000000800a6ba       0x34 USB_DEVICE/Target/usbd_midi_conf.o
                0x000000000800a6ba                USBD_LL_OpenEP
 .text.USBD_LL_CloseEP
                0x000000000800a6ee       0x26 USB_DEVICE/Target/usbd_midi_conf.o
                0x000000000800a6ee                USBD_LL_CloseEP
 .text.USBD_LL_StallEP
                0x000000000800a714       0x26 USB_DEVICE/Target/usbd_midi_conf.o
                0x000000000800a714                USBD_LL_StallEP
 .text.USBD_LL_ClearStallEP
                0x000000000800a73a       0x26 USB_DEVICE/Target/usbd_midi_conf.o
                0x000000000800a73a                USBD_LL_ClearStallEP
 .text.USBD_LL_IsStallEP
                0x000000000800a760       0x4a USB_DEVICE/Target/usbd_midi_conf.o
                0x000000000800a760                USBD_LL_IsStallEP
 .text.USBD_LL_SetUSBAddress
                0x000000000800a7aa       0x26 USB_DEVICE/Target/usbd_midi_conf.o
                0x000000000800a7aa                USBD_LL_SetUSBAddress
 .text.USBD_LL_Transmit
                0x000000000800a7d0       0x2e USB_DEVICE/Target/usbd_midi_conf.o
                0x000000000800a7d0                USBD_LL_Transmit
 .text.USBD_LL_PrepareReceive
                0x000000000800a7fe       0x2e USB_DEVICE/Target/usbd_midi_conf.o
                0x000000000800a7fe                USBD_LL_PrepareReceive
 .text.USBD_LL_GetRxDataSize
                0x000000000800a82c       0x26 USB_DEVICE/Target/usbd_midi_conf.o
                0x000000000800a82c                USBD_LL_GetRxDataSize
 *fill*         0x000000000800a852        0x2 
 .text.USBD_static_malloc
                0x000000000800a854       0x18 USB_DEVICE/Target/usbd_midi_conf.o
                0x000000000800a854                USBD_static_malloc
 .text.USBD_static_free
                0x000000000800a86c       0x16 USB_DEVICE/Target/usbd_midi_conf.o
                0x000000000800a86c                USBD_static_free
 .text.HAL_PCDEx_SetConnectionState
                0x000000000800a882       0x16 USB_DEVICE/Target/usbd_midi_conf.o
                0x000000000800a882                HAL_PCDEx_SetConnectionState
 .text.__libc_init_array
                0x000000000800a898       0x48 c:/st/stm32cubeide_1.4.0/stm32cubeide/plugins/com.st.stm32cube.ide.mcu.externaltools.gnu-tools-for-stm32.7-2018-q2-update.win32_1.4.0.202007081208/tools/bin/../lib/gcc/arm-none-eabi/7.3.1/../../../../arm-none-eabi/lib/thumb/v7-m\libc_nano.a(lib_a-init.o)
                0x000000000800a898                __libc_init_array
 .text.free     0x000000000800a8e0       0x10 c:/st/stm32cubeide_1.4.0/stm32cubeide/plugins/com.st.stm32cube.ide.mcu.externaltools.gnu-tools-for-stm32.7-2018-q2-update.win32_1.4.0.202007081208/tools/bin/../lib/gcc/arm-none-eabi/7.3.1/../../../../arm-none-eabi/lib/thumb/v7-m\libc_nano.a(lib_a-malloc.o)
                0x000000000800a8e0                free
 .text.memset   0x000000000800a8f0       0x10 c:/st/stm32cubeide_1.4.0/stm32cubeide/plugins/com.st.stm32cube.ide.mcu.externaltools.gnu-tools-for-stm32.7-2018-q2-update.win32_1.4.0.202007081208/tools/bin/../lib/gcc/arm-none-eabi/7.3.1/../../../../arm-none-eabi/lib/thumb/v7-m\libc_nano.a(lib_a-memset.o)
                0x000000000800a8f0                memset
 .text._free_r  0x000000000800a900       0x98 c:/st/stm32cubeide_1.4.0/stm32cubeide/plugins/com.st.stm32cube.ide.mcu.externaltools.gnu-tools-for-stm32.7-2018-q2-update.win32_1.4.0.202007081208/tools/bin/../lib/gcc/arm-none-eabi/7.3.1/../../../../arm-none-eabi/lib/thumb/v7-m\libc_nano.a(lib_a-nano-freer.o)
                0x000000000800a900                _free_r
 .text.__malloc_lock
                0x000000000800a998        0x2 c:/st/stm32cubeide_1.4.0/stm32cubeide/plugins/com.st.stm32cube.ide.mcu.externaltools.gnu-tools-for-stm32.7-2018-q2-update.win32_1.4.0.202007081208/tools/bin/../lib/gcc/arm-none-eabi/7.3.1/../../../../arm-none-eabi/lib/thumb/v7-m\libc_nano.a(lib_a-mlock.o)
                0x000000000800a998                __malloc_lock
 .text.__malloc_unlock
                0x000000000800a99a        0x2 c:/st/stm32cubeide_1.4.0/stm32cubeide/plugins/com.st.stm32cube.ide.mcu.externaltools.gnu-tools-for-stm32.7-2018-q2-update.win32_1.4.0.202007081208/tools/bin/../lib/gcc/arm-none-eabi/7.3.1/../../../../arm-none-eabi/lib/thumb/v7-m\libc_nano.a(lib_a-mlock.o)
                0x000000000800a99a                __malloc_unlock
 *(.glue_7)
 .glue_7        0x000000000800a99c        0x0 linker stubs
 *(.glue_7t)
 .glue_7t       0x000000000800a99c        0x0 linker stubs
 *(.eh_frame)
 .eh_frame      0x000000000800a99c        0x0 c:/st/stm32cubeide_1.4.0/stm32cubeide/plugins/com.st.stm32cube.ide.mcu.externaltools.gnu-tools-for-stm32.7-2018-q2-update.win32_1.4.0.202007081208/tools/bin/../lib/gcc/arm-none-eabi/7.3.1/thumb/v7-m/crtbegin.o
 *(.init)
 .init          0x000000000800a99c        0x4 c:/st/stm32cubeide_1.4.0/stm32cubeide/plugins/com.st.stm32cube.ide.mcu.externaltools.gnu-tools-for-stm32.7-2018-q2-update.win32_1.4.0.202007081208/tools/bin/../lib/gcc/arm-none-eabi/7.3.1/thumb/v7-m/crti.o
                0x000000000800a99c                _init
 .init          0x000000000800a9a0        0x8 c:/st/stm32cubeide_1.4.0/stm32cubeide/plugins/com.st.stm32cube.ide.mcu.externaltools.gnu-tools-for-stm32.7-2018-q2-update.win32_1.4.0.202007081208/tools/bin/../lib/gcc/arm-none-eabi/7.3.1/thumb/v7-m/crtn.o
 *(.fini)
 .fini          0x000000000800a9a8        0x4 c:/st/stm32cubeide_1.4.0/stm32cubeide/plugins/com.st.stm32cube.ide.mcu.externaltools.gnu-tools-for-stm32.7-2018-q2-update.win32_1.4.0.202007081208/tools/bin/../lib/gcc/arm-none-eabi/7.3.1/thumb/v7-m/crti.o
                0x000000000800a9a8                _fini
 .fini          0x000000000800a9ac        0x8 c:/st/stm32cubeide_1.4.0/stm32cubeide/plugins/com.st.stm32cube.ide.mcu.externaltools.gnu-tools-for-stm32.7-2018-q2-update.win32_1.4.0.202007081208/tools/bin/../lib/gcc/arm-none-eabi/7.3.1/thumb/v7-m/crtn.o
                0x000000000800a9b4                . = ALIGN (0x4)
                0x000000000800a9b4                _etext = .

.vfp11_veneer   0x000000000800a9b4        0x0
 .vfp11_veneer  0x000000000800a9b4        0x0 linker stubs

.v4_bx          0x000000000800a9b4        0x0
 .v4_bx         0x000000000800a9b4        0x0 linker stubs

.iplt           0x000000000800a9b4        0x0
 .iplt          0x000000000800a9b4        0x0 c:/st/stm32cubeide_1.4.0/stm32cubeide/plugins/com.st.stm32cube.ide.mcu.externaltools.gnu-tools-for-stm32.7-2018-q2-update.win32_1.4.0.202007081208/tools/bin/../lib/gcc/arm-none-eabi/7.3.1/thumb/v7-m/crtbegin.o

.rodata         0x000000000800a9b4       0xd8
                0x000000000800a9b4                . = ALIGN (0x4)
 *(.rodata)
 .rodata        0x000000000800a9b4       0x64 Core/Src/main.o
 .rodata        0x000000000800aa18       0x12 Drivers/STM32F1xx_HAL_Driver/stm32f1xx_hal_rcc.o
 *fill*         0x000000000800aa2a        0x2 
 .rodata        0x000000000800aa2c        0x5 Middlewares/FreeRTOS/tasks.o
 *fill*         0x000000000800aa31        0x3 
 .rodata        0x000000000800aa34       0x40 USB_DEVICE/App/usbd_midi_desc.o
 *(.rodata*)
 .rodata.AHBPrescTable
                0x000000000800aa74       0x10 Core/Src/system_stm32f1xx.o
                0x000000000800aa74                AHBPrescTable
 .rodata.APBPrescTable
                0x000000000800aa84        0x8 Core/Src/system_stm32f1xx.o
                0x000000000800aa84                APBPrescTable
                0x000000000800aa8c                . = ALIGN (0x4)

.rel.dyn        0x000000000800aa8c        0x0
 .rel.iplt      0x000000000800aa8c        0x0 c:/st/stm32cubeide_1.4.0/stm32cubeide/plugins/com.st.stm32cube.ide.mcu.externaltools.gnu-tools-for-stm32.7-2018-q2-update.win32_1.4.0.202007081208/tools/bin/../lib/gcc/arm-none-eabi/7.3.1/thumb/v7-m/crtbegin.o

.ARM.extab      0x000000000800aa8c        0x0
                0x000000000800aa8c                . = ALIGN (0x4)
 *(.ARM.extab* .gnu.linkonce.armextab.*)
                0x000000000800aa8c                . = ALIGN (0x4)

.ARM            0x000000000800aa8c        0x0
                0x000000000800aa8c                . = ALIGN (0x4)
                0x000000000800aa8c                __exidx_start = .
 *(.ARM.exidx*)
                0x000000000800aa8c                __exidx_end = .
                0x000000000800aa8c                . = ALIGN (0x4)

.preinit_array  0x000000000800aa8c        0x0
                0x000000000800aa8c                . = ALIGN (0x4)
                0x000000000800aa8c                PROVIDE (__preinit_array_start = .)
 *(.preinit_array*)
                0x000000000800aa8c                PROVIDE (__preinit_array_end = .)
                0x000000000800aa8c                . = ALIGN (0x4)

.init_array     0x000000000800aa8c        0x8
                0x000000000800aa8c                . = ALIGN (0x4)
                0x000000000800aa8c                PROVIDE (__init_array_start = .)
 *(SORT_BY_NAME(.init_array.*))
 *(.init_array*)
 .init_array    0x000000000800aa8c        0x4 c:/st/stm32cubeide_1.4.0/stm32cubeide/plugins/com.st.stm32cube.ide.mcu.externaltools.gnu-tools-for-stm32.7-2018-q2-update.win32_1.4.0.202007081208/tools/bin/../lib/gcc/arm-none-eabi/7.3.1/thumb/v7-m/crtbegin.o
 .init_array    0x000000000800aa90        0x4 Core/Src/main.o
                0x000000000800aa94                PROVIDE (__init_array_end = .)
                0x000000000800aa94                . = ALIGN (0x4)

.fini_array     0x000000000800aa94        0x4
                0x000000000800aa94                . = ALIGN (0x4)
                [!provide]                        PROVIDE (__fini_array_start = .)
 *(SORT_BY_NAME(.fini_array.*))
 *(.fini_array*)
 .fini_array    0x000000000800aa94        0x4 c:/st/stm32cubeide_1.4.0/stm32cubeide/plugins/com.st.stm32cube.ide.mcu.externaltools.gnu-tools-for-stm32.7-2018-q2-update.win32_1.4.0.202007081208/tools/bin/../lib/gcc/arm-none-eabi/7.3.1/thumb/v7-m/crtbegin.o
                [!provide]                        PROVIDE (__fini_array_end = .)
                0x000000000800aa98                . = ALIGN (0x4)
                0x000000000800aa98                _sidata = LOADADDR (.data)

.data           0x0000000020000000      0x220 load address 0x000000000800aa98
                0x0000000020000000                . = ALIGN (0x4)
                0x0000000020000000                _sdata = .
 *(.data)
 *(.data*)
 .data.configs  0x0000000020000000       0xc0 Core/Src/main.o
                0x0000000020000000                configs
 .data.SystemCoreClock
                0x00000000200000c0        0x4 Core/Src/system_stm32f1xx.o
                0x00000000200000c0                SystemCoreClock
 .data.uwTickPrio
                0x00000000200000c4        0x4 Drivers/STM32F1xx_HAL_Driver/stm32f1xx_hal.o
                0x00000000200000c4                uwTickPrio
 .data.uwTickFreq
                0x00000000200000c8        0x1 Drivers/STM32F1xx_HAL_Driver/stm32f1xx_hal.o
                0x00000000200000c8                uwTickFreq
 *fill*         0x00000000200000c9        0x3 
 .data.uxCriticalNesting
                0x00000000200000cc        0x4 Middlewares/FreeRTOS/port.o
 .data.USBD_Interface_fops_FS
                0x00000000200000d0        0xc Middlewares/LibMIDI/Source/midiUSB.o
 .data.USBD_MIDI_DeviceQualifierDesc
                0x00000000200000dc        0xa USB_DEVICE/App/usbd_midi.o
 *fill*         0x00000000200000e6        0x2 
 .data.USBD_MIDI
                0x00000000200000e8       0x38 USB_DEVICE/App/usbd_midi.o
                0x00000000200000e8                USBD_MIDI
 .data.USBD_MIDI_CfgFSDesc
                0x0000000020000120       0x65 USB_DEVICE/App/usbd_midi.o
                0x0000000020000120                USBD_MIDI_CfgFSDesc
 *fill*         0x0000000020000185        0x3 
 .data.FS_Desc  0x0000000020000188       0x1c USB_DEVICE/App/usbd_midi_desc.o
                0x0000000020000188                FS_Desc
 .data.USBD_FS_DeviceDesc
                0x00000000200001a4       0x12 USB_DEVICE/App/usbd_midi_desc.o
                0x00000000200001a4                USBD_FS_DeviceDesc
 *fill*         0x00000000200001b6        0x2 
 .data.USBD_LangIDDesc
                0x00000000200001b8        0x4 USB_DEVICE/App/usbd_midi_desc.o
                0x00000000200001b8                USBD_LangIDDesc
 .data._impure_ptr
                0x00000000200001bc        0x4 c:/st/stm32cubeide_1.4.0/stm32cubeide/plugins/com.st.stm32cube.ide.mcu.externaltools.gnu-tools-for-stm32.7-2018-q2-update.win32_1.4.0.202007081208/tools/bin/../lib/gcc/arm-none-eabi/7.3.1/../../../../arm-none-eabi/lib/thumb/v7-m\libc_nano.a(lib_a-impure.o)
                0x00000000200001bc                _impure_ptr
 .data.impure_data
                0x00000000200001c0       0x60 c:/st/stm32cubeide_1.4.0/stm32cubeide/plugins/com.st.stm32cube.ide.mcu.externaltools.gnu-tools-for-stm32.7-2018-q2-update.win32_1.4.0.202007081208/tools/bin/../lib/gcc/arm-none-eabi/7.3.1/../../../../arm-none-eabi/lib/thumb/v7-m\libc_nano.a(lib_a-impure.o)
                0x0000000020000220                . = ALIGN (0x4)
                0x0000000020000220                _edata = .

.igot.plt       0x0000000020000220        0x0 load address 0x000000000800acb8
 .igot.plt      0x0000000020000220        0x0 c:/st/stm32cubeide_1.4.0/stm32cubeide/plugins/com.st.stm32cube.ide.mcu.externaltools.gnu-tools-for-stm32.7-2018-q2-update.win32_1.4.0.202007081208/tools/bin/../lib/gcc/arm-none-eabi/7.3.1/thumb/v7-m/crtbegin.o
                0x0000000020000220                . = ALIGN (0x4)

.bss            0x0000000020000220     0x4494 load address 0x000000000800acb8
                0x0000000020000220                _sbss = .
                0x0000000020000220                __bss_start__ = _sbss
 *(.bss)
 .bss           0x0000000020000220       0x1c c:/st/stm32cubeide_1.4.0/stm32cubeide/plugins/com.st.stm32cube.ide.mcu.externaltools.gnu-tools-for-stm32.7-2018-q2-update.win32_1.4.0.202007081208/tools/bin/../lib/gcc/arm-none-eabi/7.3.1/thumb/v7-m/crtbegin.o
 *(.bss*)
 .bss.xIdleTaskTCBBuffer
                0x000000002000023c       0x54 Core/Src/freertos.o
 .bss.xIdleStack
                0x0000000020000290      0x200 Core/Src/freertos.o
 .bss.hadc1     0x0000000020000490       0x30 Core/Src/main.o
                0x0000000020000490                hadc1
 .bss.hadc2     0x00000000200004c0       0x30 Core/Src/main.o
                0x00000000200004c0                hadc2
 .bss.hadc3     0x00000000200004f0       0x30 Core/Src/main.o
                0x00000000200004f0                hadc3
 .bss.hi2c1     0x0000000020000520       0x54 Core/Src/main.o
                0x0000000020000520                hi2c1
 .bss.htim2     0x0000000020000574       0x40 Core/Src/main.o
                0x0000000020000574                htim2
 .bss.htim3     0x00000000200005b4       0x40 Core/Src/main.o
                0x00000000200005b4                htim3
 .bss.htim5     0x00000000200005f4       0x40 Core/Src/main.o
                0x00000000200005f4                htim5
 .bss.huart5    0x0000000020000634       0x40 Core/Src/main.o
                0x0000000020000634                huart5
 .bss.huart1    0x0000000020000674       0x40 Core/Src/main.o
                0x0000000020000674                huart1
 .bss.hdma_usart1_rx
                0x00000000200006b4       0x44 Core/Src/main.o
                0x00000000200006b4                hdma_usart1_rx
 .bss.hdma_usart1_tx
                0x00000000200006f8       0x44 Core/Src/main.o
                0x00000000200006f8                hdma_usart1_tx
 .bss.tca       0x000000002000073c        0x8 Core/Src/main.o
                0x000000002000073c                tca
 .bss.sticks    0x0000000020000744      0x1c0 Core/Src/main.o
                0x0000000020000744                sticks
 .bss.leds      0x0000000020000904        0x8 Core/Src/main.o
                0x0000000020000904                leds
 .bss.urx       0x000000002000090c        0x4 Core/Src/main.o
                0x000000002000090c                urx
 .bss.CDCQue    0x0000000020000910      0x40c Core/Src/main.o
                0x0000000020000910                CDCQue
 .bss.UartQue   0x0000000020000d1c      0x40c Core/Src/main.o
                0x0000000020000d1c                UartQue
 .bss.MidiThreadTaskHandle
                0x0000000020001128        0x4 Core/Src/main.o
                0x0000000020001128                MidiThreadTaskHandle
 .bss.ucHeap    0x000000002000112c      0xc00 Middlewares/FreeRTOS/heap_4.o
 .bss.xStart    0x0000000020001d2c        0x8 Middlewares/FreeRTOS/heap_4.o
 .bss.pxEnd     0x0000000020001d34        0x4 Middlewares/FreeRTOS/heap_4.o
 .bss.xFreeBytesRemaining
                0x0000000020001d38        0x4 Middlewares/FreeRTOS/heap_4.o
 .bss.xMinimumEverFreeBytesRemaining
                0x0000000020001d3c        0x4 Middlewares/FreeRTOS/heap_4.o
 .bss.xBlockAllocatedBit
                0x0000000020001d40        0x4 Middlewares/FreeRTOS/heap_4.o
 .bss.ucMaxSysCallPriority
                0x0000000020001d44        0x1 Middlewares/FreeRTOS/port.o
 *fill*         0x0000000020001d45        0x3 
 .bss.ulMaxPRIGROUPValue
                0x0000000020001d48        0x4 Middlewares/FreeRTOS/port.o
 .bss.pxCurrentTCB
                0x0000000020001d4c        0x4 Middlewares/FreeRTOS/tasks.o
                0x0000000020001d4c                pxCurrentTCB
 .bss.pxReadyTasksLists
                0x0000000020001d50       0x8c Middlewares/FreeRTOS/tasks.o
 .bss.xDelayedTaskList1
                0x0000000020001ddc       0x14 Middlewares/FreeRTOS/tasks.o
 .bss.xDelayedTaskList2
                0x0000000020001df0       0x14 Middlewares/FreeRTOS/tasks.o
 .bss.pxDelayedTaskList
                0x0000000020001e04        0x4 Middlewares/FreeRTOS/tasks.o
 .bss.pxOverflowDelayedTaskList
                0x0000000020001e08        0x4 Middlewares/FreeRTOS/tasks.o
 .bss.xPendingReadyList
                0x0000000020001e0c       0x14 Middlewares/FreeRTOS/tasks.o
 .bss.xTasksWaitingTermination
                0x0000000020001e20       0x14 Middlewares/FreeRTOS/tasks.o
 .bss.uxDeletedTasksWaitingCleanUp
                0x0000000020001e34        0x4 Middlewares/FreeRTOS/tasks.o
 .bss.xSuspendedTaskList
                0x0000000020001e38       0x14 Middlewares/FreeRTOS/tasks.o
 .bss.uxCurrentNumberOfTasks
                0x0000000020001e4c        0x4 Middlewares/FreeRTOS/tasks.o
 .bss.xTickCount
                0x0000000020001e50        0x4 Middlewares/FreeRTOS/tasks.o
 .bss.uxTopReadyPriority
                0x0000000020001e54        0x4 Middlewares/FreeRTOS/tasks.o
 .bss.xSchedulerRunning
                0x0000000020001e58        0x4 Middlewares/FreeRTOS/tasks.o
 .bss.uxPendedTicks
                0x0000000020001e5c        0x4 Middlewares/FreeRTOS/tasks.o
 .bss.xYieldPending
                0x0000000020001e60        0x4 Middlewares/FreeRTOS/tasks.o
 .bss.xNumOfOverflows
                0x0000000020001e64        0x4 Middlewares/FreeRTOS/tasks.o
 .bss.uxTaskNumber
                0x0000000020001e68        0x4 Middlewares/FreeRTOS/tasks.o
 .bss.xNextTaskUnblockTime
                0x0000000020001e6c        0x4 Middlewares/FreeRTOS/tasks.o
 .bss.xIdleTaskHandle
                0x0000000020001e70        0x4 Middlewares/FreeRTOS/tasks.o
 .bss.uxSchedulerSuspended
                0x0000000020001e74        0x4 Middlewares/FreeRTOS/tasks.o
 .bss.l_midi_input_queue
                0x0000000020001e78        0xc Middlewares/LibMIDI/Source/midiInput.o
 .bss.l_midi_output_queue_buffer
                0x0000000020001e84     0x2000 Middlewares/LibMIDI/Source/midiOutput.o
 .bss.l_is_transmitting
                0x0000000020003e84        0x1 Middlewares/LibMIDI/Source/midiOutput.o
 .bss.l_running_status
                0x0000000020003e85        0x1 Middlewares/LibMIDI/Source/midiOutput.o
 *fill*         0x0000000020003e86        0x2 
 .bss.l_usb_transmit_buffer
                0x0000000020003e88       0x40 Middlewares/LibMIDI/Source/midiUSB.o
 .bss.l_usb_receive_buffer
                0x0000000020003ec8       0x40 Middlewares/LibMIDI/Source/midiUSB.o
 .bss.l_pending_receive_event_buffer
                0x0000000020003f08        0x4 Middlewares/LibMIDI/Source/midiUSB.o
 .bss.l_pending_receiver_event_buffer_count
                0x0000000020003f0c        0x2 Middlewares/LibMIDI/Source/midiUSB.o
 .bss.l_pending_receiver_event_buffer_index
                0x0000000020003f0e        0x2 Middlewares/LibMIDI/Source/midiUSB.o
 .bss.cfgidx.8750
                0x0000000020003f10        0x1 Middlewares/USB_Device_Library/usbd_ctlreq.o
 *fill*         0x0000000020003f11        0x3 
 .bss.mem.8786  0x0000000020003f14       0x1c USB_DEVICE/Target/usbd_midi_conf.o
 .bss.__malloc_free_list
                0x0000000020003f30        0x4 c:/st/stm32cubeide_1.4.0/stm32cubeide/plugins/com.st.stm32cube.ide.mcu.externaltools.gnu-tools-for-stm32.7-2018-q2-update.win32_1.4.0.202007081208/tools/bin/../lib/gcc/arm-none-eabi/7.3.1/../../../../arm-none-eabi/lib/thumb/v7-m\libc_nano.a(lib_a-nano-mallocr.o)
                0x0000000020003f30                __malloc_free_list
 *(COMMON)
 COMMON         0x0000000020003f34       0x40 Core/Src/stm32f1xx_hal_timebase_tim.o
                0x0000000020003f34                htim7
 COMMON         0x0000000020003f74        0x4 Drivers/STM32F1xx_HAL_Driver/stm32f1xx_hal.o
                0x0000000020003f74                uwTick
 COMMON         0x0000000020003f78        0xc Middlewares/LibMIDI/Source/midiOutput.o
                0x0000000020003f78                l_midi_output_queue
 COMMON         0x0000000020003f84      0x2c4 Middlewares/LibMIDI/Source/midiUSB.o
                0x0000000020003f84                hUsbDeviceFS
 COMMON         0x0000000020004248      0x200 USB_DEVICE/App/usbd_midi_desc.o
                0x0000000020004248                USBD_StrDesc
 COMMON         0x0000000020004448      0x26c USB_DEVICE/Target/usbd_midi_conf.o
                0x0000000020004448                hpcd_USB_FS
                0x00000000200046b4                . = ALIGN (0x4)
                0x00000000200046b4                _ebss = .
                0x00000000200046b4                __bss_end__ = _ebss

._user_heap_stack
                0x00000000200046b4      0x604 load address 0x000000000800acb8
                0x00000000200046b8                . = ALIGN (0x8)
 *fill*         0x00000000200046b4        0x4 
                0x00000000200046b8                PROVIDE (end = .)
                [!provide]                        PROVIDE (_end = .)
                0x00000000200048b8                . = (. + _Min_Heap_Size)
 *fill*         0x00000000200046b8      0x200 
                0x0000000020004cb8                . = (. + _Min_Stack_Size)
 *fill*         0x00000000200048b8      0x400 
                0x0000000020004cb8                . = ALIGN (0x8)

/DISCARD/
 libc.a(*)
 libm.a(*)
 libgcc.a(*)

.ARM.attributes
                0x0000000000000000       0x29
 *(.ARM.attributes)
 .ARM.attributes
                0x0000000000000000       0x1d c:/st/stm32cubeide_1.4.0/stm32cubeide/plugins/com.st.stm32cube.ide.mcu.externaltools.gnu-tools-for-stm32.7-2018-q2-update.win32_1.4.0.202007081208/tools/bin/../lib/gcc/arm-none-eabi/7.3.1/thumb/v7-m/crti.o
 .ARM.attributes
                0x000000000000001d       0x2d c:/st/stm32cubeide_1.4.0/stm32cubeide/plugins/com.st.stm32cube.ide.mcu.externaltools.gnu-tools-for-stm32.7-2018-q2-update.win32_1.4.0.202007081208/tools/bin/../lib/gcc/arm-none-eabi/7.3.1/thumb/v7-m/crtbegin.o
 .ARM.attributes
                0x000000000000004a       0x33 Core/Src/LEDHandler.o
 .ARM.attributes
                0x000000000000007d       0x33 Core/Src/TCA9555.o
 .ARM.attributes
                0x00000000000000b0       0x33 Core/Src/atstkChannel.o
 .ARM.attributes
                0x00000000000000e3       0x33 Core/Src/atstkChannels.o
 .ARM.attributes
                0x0000000000000116       0x33 Core/Src/freertos.o
 .ARM.attributes
                0x0000000000000149       0x33 Core/Src/main.o
 .ARM.attributes
                0x000000000000017c       0x33 Core/Src/stm32f1xx_hal_msp.o
 .ARM.attributes
                0x00000000000001af       0x33 Core/Src/stm32f1xx_hal_timebase_tim.o
 .ARM.attributes
                0x00000000000001e2       0x33 Core/Src/stm32f1xx_it.o
 .ARM.attributes
                0x0000000000000215       0x33 Core/Src/system_stm32f1xx.o
 .ARM.attributes
                0x0000000000000248       0x33 Core/Src/uart_cdc_if.o
 .ARM.attributes
                0x000000000000027b       0x33 Core/Src/utils.o
 .ARM.attributes
                0x00000000000002ae       0x21 Core/Startup/startup_stm32f103rctx.o
 .ARM.attributes
                0x00000000000002cf       0x33 Drivers/STM32F1xx_HAL_Driver/stm32f1xx_hal.o
 .ARM.attributes
                0x0000000000000302       0x33 Drivers/STM32F1xx_HAL_Driver/stm32f1xx_hal_adc.o
 .ARM.attributes
                0x0000000000000335       0x33 Drivers/STM32F1xx_HAL_Driver/stm32f1xx_hal_cortex.o
 .ARM.attributes
                0x0000000000000368       0x33 Drivers/STM32F1xx_HAL_Driver/stm32f1xx_hal_dma.o
 .ARM.attributes
                0x000000000000039b       0x33 Drivers/STM32F1xx_HAL_Driver/stm32f1xx_hal_gpio.o
 .ARM.attributes
                0x00000000000003ce       0x33 Drivers/STM32F1xx_HAL_Driver/stm32f1xx_hal_i2c.o
 .ARM.attributes
                0x0000000000000401       0x33 Drivers/STM32F1xx_HAL_Driver/stm32f1xx_hal_pcd.o
 .ARM.attributes
                0x0000000000000434       0x33 Drivers/STM32F1xx_HAL_Driver/stm32f1xx_hal_pcd_ex.o
 .ARM.attributes
                0x0000000000000467       0x33 Drivers/STM32F1xx_HAL_Driver/stm32f1xx_hal_rcc.o
 .ARM.attributes
                0x000000000000049a       0x33 Drivers/STM32F1xx_HAL_Driver/stm32f1xx_hal_rcc_ex.o
 .ARM.attributes
                0x00000000000004cd       0x33 Drivers/STM32F1xx_HAL_Driver/stm32f1xx_hal_tim.o
 .ARM.attributes
                0x0000000000000500       0x33 Drivers/STM32F1xx_HAL_Driver/stm32f1xx_hal_tim_ex.o
 .ARM.attributes
                0x0000000000000533       0x33 Drivers/STM32F1xx_HAL_Driver/stm32f1xx_hal_uart.o
 .ARM.attributes
                0x0000000000000566       0x33 Drivers/STM32F1xx_HAL_Driver/stm32f1xx_ll_usb.o
 .ARM.attributes
                0x0000000000000599       0x33 Middlewares/FreeRTOS/cmsis_os.o
 .ARM.attributes
                0x00000000000005cc       0x33 Middlewares/FreeRTOS/heap_4.o
 .ARM.attributes
                0x00000000000005ff       0x33 Middlewares/FreeRTOS/list.o
 .ARM.attributes
                0x0000000000000632       0x33 Middlewares/FreeRTOS/port.o
 .ARM.attributes
                0x0000000000000665       0x33 Middlewares/FreeRTOS/tasks.o
 .ARM.attributes
                0x0000000000000698       0x33 Middlewares/LibMIDI/Source/midiEventQueue.o
 .ARM.attributes
                0x00000000000006cb       0x33 Middlewares/LibMIDI/Source/midiInput.o
 .ARM.attributes
                0x00000000000006fe       0x33 Middlewares/LibMIDI/Source/midiOutput.o
 .ARM.attributes
                0x0000000000000731       0x33 Middlewares/LibMIDI/Source/midiUSB.o
 .ARM.attributes
                0x0000000000000764       0x33 Middlewares/LibOS/Source/sysHelpers.o
 .ARM.attributes
                0x0000000000000797       0x33 Middlewares/USB_Device_Library/usbd_core.o
 .ARM.attributes
                0x00000000000007ca       0x33 Middlewares/USB_Device_Library/usbd_ctlreq.o
 .ARM.attributes
                0x00000000000007fd       0x33 Middlewares/USB_Device_Library/usbd_ioreq.o
 .ARM.attributes
                0x0000000000000830       0x33 USB_DEVICE/App/usbd_midi.o
 .ARM.attributes
                0x0000000000000863       0x33 USB_DEVICE/App/usbd_midi_desc.o
 .ARM.attributes
                0x0000000000000896       0x33 USB_DEVICE/Target/usbd_midi_conf.o
 .ARM.attributes
                0x00000000000008c9       0x2d c:/st/stm32cubeide_1.4.0/stm32cubeide/plugins/com.st.stm32cube.ide.mcu.externaltools.gnu-tools-for-stm32.7-2018-q2-update.win32_1.4.0.202007081208/tools/bin/../lib/gcc/arm-none-eabi/7.3.1/../../../../arm-none-eabi/lib/thumb/v7-m\libc_nano.a(lib_a-impure.o)
 .ARM.attributes
                0x00000000000008f6       0x2d c:/st/stm32cubeide_1.4.0/stm32cubeide/plugins/com.st.stm32cube.ide.mcu.externaltools.gnu-tools-for-stm32.7-2018-q2-update.win32_1.4.0.202007081208/tools/bin/../lib/gcc/arm-none-eabi/7.3.1/../../../../arm-none-eabi/lib/thumb/v7-m\libc_nano.a(lib_a-init.o)
 .ARM.attributes
                0x0000000000000923       0x2d c:/st/stm32cubeide_1.4.0/stm32cubeide/plugins/com.st.stm32cube.ide.mcu.externaltools.gnu-tools-for-stm32.7-2018-q2-update.win32_1.4.0.202007081208/tools/bin/../lib/gcc/arm-none-eabi/7.3.1/../../../../arm-none-eabi/lib/thumb/v7-m\libc_nano.a(lib_a-malloc.o)
 .ARM.attributes
                0x0000000000000950       0x2d c:/st/stm32cubeide_1.4.0/stm32cubeide/plugins/com.st.stm32cube.ide.mcu.externaltools.gnu-tools-for-stm32.7-2018-q2-update.win32_1.4.0.202007081208/tools/bin/../lib/gcc/arm-none-eabi/7.3.1/../../../../arm-none-eabi/lib/thumb/v7-m\libc_nano.a(lib_a-memset.o)
 .ARM.attributes
                0x000000000000097d       0x2d c:/st/stm32cubeide_1.4.0/stm32cubeide/plugins/com.st.stm32cube.ide.mcu.externaltools.gnu-tools-for-stm32.7-2018-q2-update.win32_1.4.0.202007081208/tools/bin/../lib/gcc/arm-none-eabi/7.3.1/../../../../arm-none-eabi/lib/thumb/v7-m\libc_nano.a(lib_a-nano-freer.o)
 .ARM.attributes
                0x00000000000009aa       0x2d c:/st/stm32cubeide_1.4.0/stm32cubeide/plugins/com.st.stm32cube.ide.mcu.externaltools.gnu-tools-for-stm32.7-2018-q2-update.win32_1.4.0.202007081208/tools/bin/../lib/gcc/arm-none-eabi/7.3.1/../../../../arm-none-eabi/lib/thumb/v7-m\libc_nano.a(lib_a-nano-mallocr.o)
 .ARM.attributes
                0x00000000000009d7       0x2d c:/st/stm32cubeide_1.4.0/stm32cubeide/plugins/com.st.stm32cube.ide.mcu.externaltools.gnu-tools-for-stm32.7-2018-q2-update.win32_1.4.0.202007081208/tools/bin/../lib/gcc/arm-none-eabi/7.3.1/../../../../arm-none-eabi/lib/thumb/v7-m\libc_nano.a(lib_a-mlock.o)
 .ARM.attributes
                0x0000000000000a04       0x1d c:/st/stm32cubeide_1.4.0/stm32cubeide/plugins/com.st.stm32cube.ide.mcu.externaltools.gnu-tools-for-stm32.7-2018-q2-update.win32_1.4.0.202007081208/tools/bin/../lib/gcc/arm-none-eabi/7.3.1/thumb/v7-m/crtn.o
OUTPUT(AutoStick.elf elf32-littlearm)

.debug_info     0x0000000000000000    0x260f0
 .debug_info    0x0000000000000000      0xba1 Core/Src/LEDHandler.o
 .debug_info    0x0000000000000ba1      0x8c9 Core/Src/TCA9555.o
 .debug_info    0x000000000000146a      0xaa7 Core/Src/atstkChannel.o
 .debug_info    0x0000000000001f11     0x10e2 Core/Src/atstkChannels.o
 .debug_info    0x0000000000002ff3      0x334 Core/Src/freertos.o
 .debug_info    0x0000000000003327     0x2e65 Core/Src/main.o
 .debug_info    0x000000000000618c     0x14d1 Core/Src/stm32f1xx_hal_msp.o
 .debug_info    0x000000000000765d      0x94e Core/Src/stm32f1xx_hal_timebase_tim.o
 .debug_info    0x0000000000007fab      0xd33 Core/Src/stm32f1xx_it.o
 .debug_info    0x0000000000008cde      0x433 Core/Src/system_stm32f1xx.o
 .debug_info    0x0000000000009111      0x6ad Core/Src/uart_cdc_if.o
 .debug_info    0x00000000000097be      0x1c8 Core/Src/utils.o
 .debug_info    0x0000000000009986       0x22 Core/Startup/startup_stm32f103rctx.o
 .debug_info    0x00000000000099a8      0x764 Drivers/STM32F1xx_HAL_Driver/stm32f1xx_hal.o
 .debug_info    0x000000000000a10c      0xc61 Drivers/STM32F1xx_HAL_Driver/stm32f1xx_hal_adc.o
 .debug_info    0x000000000000ad6d      0xbac Drivers/STM32F1xx_HAL_Driver/stm32f1xx_hal_cortex.o
 .debug_info    0x000000000000b919      0x7a6 Drivers/STM32F1xx_HAL_Driver/stm32f1xx_hal_dma.o
 .debug_info    0x000000000000c0bf      0x681 Drivers/STM32F1xx_HAL_Driver/stm32f1xx_hal_gpio.o
 .debug_info    0x000000000000c740     0x2457 Drivers/STM32F1xx_HAL_Driver/stm32f1xx_hal_i2c.o
 .debug_info    0x000000000000eb97      0xe38 Drivers/STM32F1xx_HAL_Driver/stm32f1xx_hal_pcd.o
 .debug_info    0x000000000000f9cf      0x760 Drivers/STM32F1xx_HAL_Driver/stm32f1xx_hal_pcd_ex.o
 .debug_info    0x000000000001012f      0x804 Drivers/STM32F1xx_HAL_Driver/stm32f1xx_hal_rcc.o
 .debug_info    0x0000000000010933      0x453 Drivers/STM32F1xx_HAL_Driver/stm32f1xx_hal_rcc_ex.o
 .debug_info    0x0000000000010d86     0x2456 Drivers/STM32F1xx_HAL_Driver/stm32f1xx_hal_tim.o
 .debug_info    0x00000000000131dc     0x1104 Drivers/STM32F1xx_HAL_Driver/stm32f1xx_hal_tim_ex.o
 .debug_info    0x00000000000142e0     0x11e3 Drivers/STM32F1xx_HAL_Driver/stm32f1xx_hal_uart.o
 .debug_info    0x00000000000154c3     0x14f9 Drivers/STM32F1xx_HAL_Driver/stm32f1xx_ll_usb.o
 .debug_info    0x00000000000169bc     0x1e5d Middlewares/FreeRTOS/cmsis_os.o
 .debug_info    0x0000000000018819      0xbea Middlewares/FreeRTOS/heap_4.o
 .debug_info    0x0000000000019403      0xac5 Middlewares/FreeRTOS/list.o
 .debug_info    0x0000000000019ec8      0x4d2 Middlewares/FreeRTOS/port.o
 .debug_info    0x000000000001a39a     0x243c Middlewares/FreeRTOS/tasks.o
 .debug_info    0x000000000001c7d6      0x2f3 Middlewares/LibMIDI/Source/midiEventQueue.o
 .debug_info    0x000000000001cac9      0x5ee Middlewares/LibMIDI/Source/midiInput.o