atstkChannel.h:42:2:atstkChannel::atstkChannel()	16	static
atstkChannels.h:26:2:atstkChannels::atstkChannels()	24	static
main.cpp:121:6:void HAL_UART_RxCpltCallback(UART_HandleTypeDef*)	24	static
main.cpp:133:6:void MidiThread(const void*)	32	static
main.cpp:185:5:int main()	56	static
main.cpp:280:6:void SystemClock_Config()	96	static
main.cpp:326:13:void MX_ADC1_Init()	24	static
main.cpp:371:13:void MX_ADC2_Init()	24	static
main.cpp:416:13:void MX_ADC3_Init()	24	static
main.cpp:461:13:void MX_I2C1_Init()	8	static
main.cpp:495:13:void MX_TIM2_Init()	64	static
main.cpp:566:13:void MX_TIM3_Init()	64	static
main.cpp:637:13:void MX_TIM5_Init()	48	static
main.cpp:698:13:void MX_UART5_Init()	8	static
main.cpp:731:13:void MX_USART1_UART_Init()	8	static
main.cpp:762:13:void MX_DMA_Init()	16	static
main.cpp:783:13:void MX_GPIO_Init()	40	static
main.cpp:852:6:void StartDefaultTask(const void*)	16	static
main.cpp:873:6:void HAL_TIM_PeriodElapsedCallback(TIM_HandleTypeDef*)	16	static
main.cpp:890:6:void Error_Handler()	4	static
main.cpp:896:1:void __static_initialization_and_destruction_0(int, int)	16	static
main.cpp:896:1:cpp)	8	static
